Component: ARM Compiler 5.06 update 7 (build 960) Tool: armlink [4d3601]

==============================================================================

Section Cross References

    startup_stm32g473xx.o(RESET) refers to startup_stm32g473xx.o(STACK) for __initial_sp
    startup_stm32g473xx.o(RESET) refers to startup_stm32g473xx.o(.text) for Reset_Handler
    startup_stm32g473xx.o(RESET) refers to stm32g4xx_it.o(i.NMI_Handler) for NMI_Handler
    startup_stm32g473xx.o(RESET) refers to stm32g4xx_it.o(i.HardFault_Handler) for HardFault_Handler
    startup_stm32g473xx.o(RESET) refers to stm32g4xx_it.o(i.MemManage_Handler) for MemManage_Handler
    startup_stm32g473xx.o(RESET) refers to stm32g4xx_it.o(i.BusFault_Handler) for BusFault_Handler
    startup_stm32g473xx.o(RESET) refers to stm32g4xx_it.o(i.UsageFault_Handler) for UsageFault_Handler
    startup_stm32g473xx.o(RESET) refers to stm32g4xx_it.o(i.SVC_Handler) for SVC_Handler
    startup_stm32g473xx.o(RESET) refers to stm32g4xx_it.o(i.DebugMon_Handler) for DebugMon_Handler
    startup_stm32g473xx.o(RESET) refers to stm32g4xx_it.o(i.PendSV_Handler) for PendSV_Handler
    startup_stm32g473xx.o(RESET) refers to stm32g4xx_it.o(i.SysTick_Handler) for SysTick_Handler
    startup_stm32g473xx.o(RESET) refers to stm32g4xx_it.o(i.USB_LP_IRQHandler) for USB_LP_IRQHandler
    startup_stm32g473xx.o(RESET) refers to stm32g4xx_it.o(i.FDCAN2_IT0_IRQHandler) for FDCAN2_IT0_IRQHandler
    startup_stm32g473xx.o(RESET) refers to stm32g4xx_it.o(i.FDCAN3_IT0_IRQHandler) for FDCAN3_IT0_IRQHandler
    startup_stm32g473xx.o(.text) refers to system_stm32g4xx.o(i.SystemInit) for SystemInit
    startup_stm32g473xx.o(.text) refers to entry.o(.ARM.Collect$$$$00000000) for __main
    inter_flash.o(i.Flash_Boot_Init) refers to memseta.o(.text) for __aeabi_memclr
    inter_flash.o(i.Flash_Boot_Init) refers to inter_flash.o(.bss) for .bss
    inter_flash.o(i.Read_Update_Para) refers to tool.o(i.MyPrintf) for MyPrintf
    inter_flash.o(i.Update_Task_Deal) refers to inter_flash.o(i.Read_Update_Para) for Read_Update_Para
    inter_flash.o(i.Update_Task_Deal) refers to inter_flash.o(i.Flash_Boot_Init) for Flash_Boot_Init
    inter_flash.o(i.Update_Task_Deal) refers to tool.o(i.MyPrintf) for MyPrintf
    inter_flash.o(i.Update_Task_Deal) refers to usb_data.o(i.Usb_Pro_Pack) for Usb_Pro_Pack
    inter_flash.o(i.Update_Task_Deal) refers to tool.o(i.GetSysTick) for GetSysTick
    inter_flash.o(i.Update_Task_Deal) refers to tool.o(i.CheckSysTick) for CheckSysTick
    inter_flash.o(i.Update_Task_Deal) refers to inter_flash.o(i.cpuflash_erase) for cpuflash_erase
    inter_flash.o(i.Update_Task_Deal) refers to inter_flash.o(i.cpuflash_write) for cpuflash_write
    inter_flash.o(i.Update_Task_Deal) refers to usb_data.o(i.Usb_Pro_PackT) for Usb_Pro_PackT
    inter_flash.o(i.Update_Task_Deal) refers to memseta.o(.text) for __aeabi_memclr
    inter_flash.o(i.Update_Task_Deal) refers to inter_flash.o(i.cpuflash_read) for cpuflash_read
    inter_flash.o(i.Update_Task_Deal) refers to inter_flash.o(.data) for .data
    inter_flash.o(i.Update_Task_Deal) refers to inter_flash.o(.bss) for .bss
    inter_flash.o(i.cpuflash_Init) refers to memseta.o(.text) for __aeabi_memclr
    inter_flash.o(i.cpuflash_Init) refers to inter_flash.o(.bss) for .bss
    inter_flash.o(i.cpuflash_Init) refers to inter_flash.o(.data) for .data
    inter_flash.o(i.cpuflash_disableReadProtect) refers to stm32g4xx_hal_flash_ex.o(i.HAL_FLASHEx_OBGetConfig) for HAL_FLASHEx_OBGetConfig
    inter_flash.o(i.cpuflash_disableReadProtect) refers to tool.o(i.MyPrintf) for MyPrintf
    inter_flash.o(i.cpuflash_disableReadProtect) refers to stm32g4xx_hal_flash.o(i.HAL_FLASH_Unlock) for HAL_FLASH_Unlock
    inter_flash.o(i.cpuflash_disableReadProtect) refers to stm32g4xx_hal_flash.o(i.HAL_FLASH_OB_Unlock) for HAL_FLASH_OB_Unlock
    inter_flash.o(i.cpuflash_disableReadProtect) refers to stm32g4xx_hal_flash_ex.o(i.HAL_FLASHEx_OBProgram) for HAL_FLASHEx_OBProgram
    inter_flash.o(i.cpuflash_disableReadProtect) refers to stm32g4xx_hal_flash.o(i.HAL_FLASH_OB_Lock) for HAL_FLASH_OB_Lock
    inter_flash.o(i.cpuflash_disableReadProtect) refers to stm32g4xx_hal_flash.o(i.HAL_FLASH_Lock) for HAL_FLASH_Lock
    inter_flash.o(i.cpuflash_disableReadProtect) refers to inter_flash.o(.constdata) for .constdata
    inter_flash.o(i.cpuflash_enableReadProtect) refers to stm32g4xx_hal_flash_ex.o(i.HAL_FLASHEx_OBGetConfig) for HAL_FLASHEx_OBGetConfig
    inter_flash.o(i.cpuflash_enableReadProtect) refers to tool.o(i.MyPrintf) for MyPrintf
    inter_flash.o(i.cpuflash_enableReadProtect) refers to stm32g4xx_hal_flash.o(i.HAL_FLASH_Unlock) for HAL_FLASH_Unlock
    inter_flash.o(i.cpuflash_enableReadProtect) refers to stm32g4xx_hal_flash.o(i.HAL_FLASH_OB_Unlock) for HAL_FLASH_OB_Unlock
    inter_flash.o(i.cpuflash_enableReadProtect) refers to stm32g4xx_hal_flash_ex.o(i.HAL_FLASHEx_OBProgram) for HAL_FLASHEx_OBProgram
[...]
    i.HAL_PCDEx_LPM_Callback                 0x0800111c   Section        0  usbd_conf.o(i.HAL_PCDEx_LPM_Callback)
    i.HAL_PCDEx_PMAConfig                    0x08001164   Section        0  stm32g4xx_hal_pcd_ex.o(i.HAL_PCDEx_PMAConfig)
    i.HAL_PCD_DataInStageCallback            0x08001198   Section        0  usbd_conf.o(i.HAL_PCD_DataInStageCallback)
    i.HAL_PCD_DataOutStageCallback           0x080011a6   Section        0  usbd_conf.o(i.HAL_PCD_DataOutStageCallback)
    i.HAL_PCD_DeInit                         0x080011b6   Section        0  stm32g4xx_hal_pcd.o(i.HAL_PCD_DeInit)
    i.HAL_PCD_EP_Close                       0x080011dc   Section        0  stm32g4xx_hal_pcd.o(i.HAL_PCD_EP_Close)
    i.HAL_PCD_EP_ClrStall                    0x08001220   Section        0  stm32g4xx_hal_pcd.o(i.HAL_PCD_EP_ClrStall)
    i.HAL_PCD_EP_GetRxCount                  0x08001274   Section        0  stm32g4xx_hal_pcd.o(i.HAL_PCD_EP_GetRxCount)
    i.HAL_PCD_EP_Open                        0x08001282   Section        0  stm32g4xx_hal_pcd.o(i.HAL_PCD_EP_Open)
    i.HAL_PCD_EP_Receive                     0x080012da   Section        0  stm32g4xx_hal_pcd.o(i.HAL_PCD_EP_Receive)
    i.HAL_PCD_EP_SetStall                    0x0800130c   Section        0  stm32g4xx_hal_pcd.o(i.HAL_PCD_EP_SetStall)
    i.HAL_PCD_EP_Transmit                    0x08001372   Section        0  stm32g4xx_hal_pcd.o(i.HAL_PCD_EP_Transmit)
    i.HAL_PCD_IRQHandler                     0x080013a4   Section        0  stm32g4xx_hal_pcd.o(i.HAL_PCD_IRQHandler)
    i.HAL_PCD_Init                           0x08001520   Section        0  stm32g4xx_hal_pcd.o(i.HAL_PCD_Init)
    i.HAL_PCD_MspDeInit                      0x080015c4   Section        0  usbd_conf.o(i.HAL_PCD_MspDeInit)
    i.HAL_PCD_MspInit                        0x080015f8   Section        0  usbd_conf.o(i.HAL_PCD_MspInit)
    i.HAL_PCD_ResetCallback                  0x08001668   Section        0  usbd_conf.o(i.HAL_PCD_ResetCallback)
    i.HAL_PCD_ResumeCallback                 0x08001690   Section        0  usbd_conf.o(i.HAL_PCD_ResumeCallback)
    i.HAL_PCD_SOFCallback                    0x080016b8   Section        0  usbd_conf.o(i.HAL_PCD_SOFCallback)
    i.HAL_PCD_SetAddress                     0x080016c0   Section        0  stm32g4xx_hal_pcd.o(i.HAL_PCD_SetAddress)
    i.HAL_PCD_SetupStageCallback             0x080016e8   Section        0  usbd_conf.o(i.HAL_PCD_SetupStageCallback)
    i.HAL_PCD_Start                          0x080016f6   Section        0  stm32g4xx_hal_pcd.o(i.HAL_PCD_Start)
    i.HAL_PCD_Stop                           0x08001720   Section        0  stm32g4xx_hal_pcd.o(i.HAL_PCD_Stop)
    i.HAL_PCD_SuspendCallback                0x0800174c   Section        0  usbd_conf.o(i.HAL_PCD_SuspendCallback)
    i.HAL_PWREx_ControlVoltageScaling        0x08001770   Section        0  stm32g4xx_hal_pwr_ex.o(i.HAL_PWREx_ControlVoltageScaling)
    i.HAL_RCCEx_PeriphCLKConfig              0x0800183c   Section        0  stm32g4xx_hal_rcc_ex.o(i.HAL_RCCEx_PeriphCLKConfig)
    i.HAL_RCC_ClockConfig                    0x08001b4c   Section        0  stm32g4xx_hal_rcc.o(i.HAL_RCC_ClockConfig)
    i.HAL_RCC_GetSysClockFreq                0x08001d14   Section        0  stm32g4xx_hal_rcc.o(i.HAL_RCC_GetSysClockFreq)
    i.HAL_RCC_OscConfig                      0x08001d88   Section        0  stm32g4xx_hal_rcc.o(i.HAL_RCC_OscConfig)
    i.HAL_SYSTICK_Config                     0x080021e0   Section        0  stm32g4xx_hal_cortex.o(i.HAL_SYSTICK_Config)
    i.HardFault_Handler                      0x08002208   Section        0  stm32g4xx_it.o(i.HardFault_Handler)
    i.IntToUnicode                           0x0800222c   Section        0  usbd_desc.o(i.IntToUnicode)
    IntToUnicode                             0x0800222d   Thumb Code    58  usbd_desc.o(i.IntToUnicode)
    i.LED_Status                             0x08002268   Section        0  main.o(i.LED_Status)
    i.MX_GPIO_Init                           0x080022f8   Section        0  main.o(i.MX_GPIO_Init)
    MX_GPIO_Init                             0x080022f9   Thumb Code   106  main.o(i.MX_GPIO_Init)
    i.MX_USB_Device_DeInit                   0x0800236c   Section        0  usb_device.o(i.MX_USB_Device_DeInit)
    i.MX_USB_Device_Init                     0x08002378   Section        0  usb_device.o(i.MX_USB_Device_Init)
    i.MemManage_Handler                      0x080023cc   Section        0  stm32g4xx_it.o(i.MemManage_Handler)
    i.MyPrintf                               0x080023ce   Section        0  tool.o(i.MyPrintf)
    i.NMI_Handler                            0x080023f6   Section        0  stm32g4xx_it.o(i.NMI_Handler)
    i.PCD_EP_ISR_Handler                     0x080023f8   Section        0  stm32g4xx_hal_pcd.o(i.PCD_EP_ISR_Handler)
    PCD_EP_ISR_Handler                       0x080023f9   Thumb Code   692  stm32g4xx_hal_pcd.o(i.PCD_EP_ISR_Handler)
    i.PendSV_Handler                         0x080026ac   Section        0  stm32g4xx_it.o(i.PendSV_Handler)
    i.Pro_Parse                              0x080026b0   Section        0  usb_data.o(i.Pro_Parse)
    i.RCC_GetSysClockFreqFromPLLSource       0x080027e8   Section        0  stm32g4xx_hal_rcc.o(i.RCC_GetSysClockFreqFromPLLSource)
    RCC_GetSysClockFreqFromPLLSource         0x080027e9   Thumb Code    66  stm32g4xx_hal_rcc.o(i.RCC_GetSysClockFreqFromPLLSource)
    i.Read_Update_Para                       0x08002838   Section        0  inter_flash.o(i.Read_Update_Para)
    i.SVC_Handler                            0x0800286c   Section        0  stm32g4xx_it.o(i.SVC_Handler)
    i.SysTick_Handler                        0x0800286e   Section        0  stm32g4xx_it.o(i.SysTick_Handler)
    i.SystemClockConfig_Resume               0x08002872   Section        0  usbd_conf.o(i.SystemClockConfig_Resume)
    SystemClockConfig_Resume                 0x08002873   Thumb Code     4  usbd_conf.o(i.SystemClockConfig_Resume)
    i.SystemClock_Config                     0x08002876   Section        0  main.o(i.SystemClock_Config)
    i.SystemInit                             0x08002908   Section        0  system_stm32g4xx.o(i.SystemInit)
    i.USBD_CDC_ConfigStrDescriptor           0x08002924   Section        0  usbd_desc.o(i.USBD_CDC_ConfigStrDescriptor)
    i.USBD_CDC_DataIn                        0x08002954   Section        0  usbd_cdc.o(i.USBD_CDC_DataIn)
    USBD_CDC_DataIn                          0x08002955   Thumb Code    22  usbd_cdc.o(i.USBD_CDC_DataIn)
    i.USBD_CDC_DataOut                       0x0800296a   Section        0  usbd_cdc.o(i.USBD_CDC_DataOut)
    USBD_CDC_DataOut                         0x0800296b   Thumb Code    62  usbd_cdc.o(i.USBD_CDC_DataOut)
    i.USBD_CDC_DeInit                        0x080029a8   Section        0  usbd_cdc.o(i.USBD_CDC_DeInit)
    USBD_CDC_DeInit                          0x080029a9   Thumb Code    68  usbd_cdc.o(i.USBD_CDC_DeInit)
    i.USBD_CDC_DeviceDescriptor              0x080029ec   Section        0  usbd_desc.o(i.USBD_CDC_DeviceDescriptor)
    i.USBD_CDC_EP0_RxReady                   0x080029f8   Section        0  usbd_cdc.o(i.USBD_CDC_EP0_RxReady)
    USBD_CDC_EP0_RxReady                     0x080029f9   Thumb Code    42  usbd_cdc.o(i.USBD_CDC_EP0_RxReady)
    i.USBD_CDC_GetDeviceQualifierDescriptor  0x08002a24   Section        0  usbd_cdc.o(i.USBD_CDC_GetDeviceQualifierDescriptor)
    i.USBD_CDC_GetFSCfgDesc                  0x08002a30   Section        0  usbd_cdc.o(i.USBD_CDC_GetFSCfgDesc)
    USBD_CDC_GetFSCfgDesc                    0x08002a31   Thumb Code     8  usbd_cdc.o(i.USBD_CDC_GetFSCfgDesc)
    i.USBD_CDC_GetHSCfgDesc                  0x08002a3c   Section        0  usbd_cdc.o(i.USBD_CDC_GetHSCfgDesc)
    USBD_CDC_GetHSCfgDesc                    0x08002a3d   Thumb Code     8  usbd_cdc.o(i.USBD_CDC_GetHSCfgDesc)
    i.USBD_CDC_GetOtherSpeedCfgDesc          0x08002a48   Section        0  usbd_cdc.o(i.USBD_CDC_GetOtherSpeedCfgDesc)
    USBD_CDC_GetOtherSpeedCfgDesc            0x08002a49   Thumb Code     8  usbd_cdc.o(i.USBD_CDC_GetOtherSpeedCfgDesc)
    i.USBD_CDC_Init                          0x08002a54   Section        0  usbd_cdc.o(i.USBD_CDC_Init)
    USBD_CDC_Init                            0x08002a55   Thumb Code   114  usbd_cdc.o(i.USBD_CDC_Init)
    i.USBD_CDC_InterfaceStrDescriptor        0x08002ac8   Section        0  usbd_desc.o(i.USBD_CDC_InterfaceStrDescriptor)
    i.USBD_CDC_LangIDStrDescriptor           0x08002afc   Section        0  usbd_desc.o(i.USBD_CDC_LangIDStrDescriptor)
    i.USBD_CDC_ManufacturerStrDescriptor     0x08002b08   Section        0  usbd_desc.o(i.USBD_CDC_ManufacturerStrDescriptor)
    i.USBD_CDC_ProductStrDescriptor          0x08002b30   Section        0  usbd_desc.o(i.USBD_CDC_ProductStrDescriptor)
    i.USBD_CDC_ReceivePacket                 0x08002b6c   Section        0  usbd_cdc.o(i.USBD_CDC_ReceivePacket)
    i.USBD_CDC_RegisterInterface             0x08002b9e   Section        0  usbd_cdc.o(i.USBD_CDC_RegisterInterface)
    i.USBD_CDC_SerialStrDescriptor           0x08002bb0   Section        0  usbd_desc.o(i.USBD_CDC_SerialStrDescriptor)
    i.USBD_CDC_SetRxBuffer                   0x08002bc4   Section        0  usbd_cdc.o(i.USBD_CDC_SetRxBuffer)
    i.USBD_CDC_SetTxBuffer                   0x08002bd0   Section        0  usbd_cdc.o(i.USBD_CDC_SetTxBuffer)
    i.USBD_CDC_Setup                         0x08002be0   Section        0  usbd_cdc.o(i.USBD_CDC_Setup)
    USBD_CDC_Setup                           0x08002be1   Thumb Code   228  usbd_cdc.o(i.USBD_CDC_Setup)
    i.USBD_CDC_TransmitPacket                0x08002cc4   Section        0  usbd_cdc.o(i.USBD_CDC_TransmitPacket)
    i.USBD_ClrClassConfig                    0x08002cf8   Section        0  usbd_core.o(i.USBD_ClrClassConfig)
    i.USBD_ClrFeature                        0x08002d06   Section        0  usbd_ctlreq.o(i.USBD_ClrFeature)
    USBD_ClrFeature                          0x08002d07   Thumb Code    38  usbd_ctlreq.o(i.USBD_ClrFeature)
    i.USBD_CtlContinueRx                     0x08002d2c   Section        0  usbd_ioreq.o(i.USBD_CtlContinueRx)
    i.USBD_CtlContinueSendData               0x08002d3c   Section        0  usbd_ioreq.o(i.USBD_CtlContinueSendData)
    i.USBD_CtlError                          0x08002d4c   Section        0  usbd_ctlreq.o(i.USBD_CtlError)
    i.USBD_CtlPrepareRx                      0x08002d64   Section        0  usbd_ioreq.o(i.USBD_CtlPrepareRx)
    i.USBD_CtlReceiveStatus                  0x08002d82   Section        0  usbd_ioreq.o(i.USBD_CtlReceiveStatus)
    i.USBD_CtlSendData                       0x08002d98   Section        0  usbd_ioreq.o(i.USBD_CtlSendData)
    i.USBD_CtlSendStatus                     0x08002db2   Section        0  usbd_ioreq.o(i.USBD_CtlSendStatus)
    i.USBD_DeInit                            0x08002dc8   Section        0  usbd_core.o(i.USBD_DeInit)
    i.USBD_GetConfig                         0x08002dee   Section        0  usbd_ctlreq.o(i.USBD_GetConfig)
    USBD_GetConfig                           0x08002def   Thumb Code    58  usbd_ctlreq.o(i.USBD_GetConfig)
    i.USBD_GetDescriptor                     0x08002e28   Section        0  usbd_ctlreq.o(i.USBD_GetDescriptor)
    USBD_GetDescriptor                       0x08002e29   Thumb Code   470  usbd_ctlreq.o(i.USBD_GetDescriptor)
    i.USBD_GetLen                            0x08002ffe   Section        0  usbd_ctlreq.o(i.USBD_GetLen)
    USBD_GetLen                              0x08002fff   Thumb Code    20  usbd_ctlreq.o(i.USBD_GetLen)
    i.USBD_GetStatus                         0x08003012   Section        0  usbd_ctlreq.o(i.USBD_GetStatus)
    USBD_GetStatus                           0x08003013   Thumb Code    60  usbd_ctlreq.o(i.USBD_GetStatus)
    i.USBD_GetString                         0x0800304e   Section        0  usbd_ctlreq.o(i.USBD_GetString)
    i.USBD_Get_USB_Status                    0x0800308c   Section        0  usbd_conf.o(i.USBD_Get_USB_Status)
    USBD_Get_USB_Status                      0x0800308d   Thumb Code    36  usbd_conf.o(i.USBD_Get_USB_Status)
    i.USBD_Init                              0x080030b0   Section        0  usbd_core.o(i.USBD_Init)
    i.USBD_LL_ClearStallEP                   0x080030dc   Section        0  usbd_conf.o(i.USBD_LL_ClearStallEP)
    i.USBD_LL_CloseEP                        0x080030ee   Section        0  usbd_conf.o(i.USBD_LL_CloseEP)
    i.USBD_LL_DataInStage                    0x08003100   Section        0  usbd_core.o(i.USBD_LL_DataInStage)
    i.USBD_LL_DataOutStage                   0x080031d6   Section        0  usbd_core.o(i.USBD_LL_DataOutStage)
    i.USBD_LL_DeInit                         0x0800325c   Section        0  usbd_conf.o(i.USBD_LL_DeInit)
    i.USBD_LL_GetRxDataSize                  0x0800326e   Section        0  usbd_conf.o(i.USBD_LL_GetRxDataSize)
    i.USBD_LL_Init                           0x08003278   Section        0  usbd_conf.o(i.USBD_LL_Init)
    i.USBD_LL_IsStallEP                      0x080032f8   Section        0  usbd_conf.o(i.USBD_LL_IsStallEP)
    i.USBD_LL_OpenEP                         0x08003314   Section        0  usbd_conf.o(i.USBD_LL_OpenEP)
    i.USBD_LL_PrepareReceive                 0x0800332c   Section        0  usbd_conf.o(i.USBD_LL_PrepareReceive)
    i.USBD_LL_Reset                          0x0800333e   Section        0  usbd_core.o(i.USBD_LL_Reset)
    i.USBD_LL_Resume                         0x08003390   Section        0  usbd_core.o(i.USBD_LL_Resume)
    i.USBD_LL_SOF                            0x080033a4   Section        0  usbd_core.o(i.USBD_LL_SOF)
    i.USBD_LL_SetSpeed                       0x080033bc   Section        0  usbd_core.o(i.USBD_LL_SetSpeed)
    i.USBD_LL_SetUSBAddress                  0x080033c2   Section        0  usbd_conf.o(i.USBD_LL_SetUSBAddress)
    i.USBD_LL_SetupStage                     0x080033d4   Section        0  usbd_core.o(i.USBD_LL_SetupStage)
    i.USBD_LL_StallEP                        0x0800342e   Section        0  usbd_conf.o(i.USBD_LL_StallEP)
    i.USBD_LL_Start                          0x08003440   Section        0  usbd_conf.o(i.USBD_LL_Start)
    i.USBD_LL_Stop                           0x08003452   Section        0  usbd_conf.o(i.USBD_LL_Stop)
    i.USBD_LL_Suspend                        0x08003464   Section        0  usbd_core.o(i.USBD_LL_Suspend)
    i.USBD_LL_Transmit                       0x08003474   Section        0  usbd_conf.o(i.USBD_LL_Transmit)
    i.USBD_ParseSetupRequest                 0x08003486   Section        0  usbd_ctlreq.o(i.USBD_ParseSetupRequest)
    i.USBD_RegisterClass                     0x080034ae   Section        0  usbd_core.o(i.USBD_RegisterClass)
    i.USBD_RunTestMode                       0x080034c0   Section        0  usbd_core.o(i.USBD_RunTestMode)
    i.USBD_SetAddress                        0x080034c4   Section        0  usbd_ctlreq.o(i.USBD_SetAddress)
    USBD_SetAddress                          0x080034c5   Thumb Code    88  usbd_ctlreq.o(i.USBD_SetAddress)
    i.USBD_SetClassConfig                    0x0800351c   Section        0  usbd_core.o(i.USBD_SetClassConfig)
    i.USBD_SetConfig                         0x08003534   Section        0  usbd_ctlreq.o(i.USBD_SetConfig)
    USBD_SetConfig                           0x08003535   Thumb Code   198  usbd_ctlreq.o(i.USBD_SetConfig)
    i.USBD_SetFeature                        0x08003600   Section        0  usbd_ctlreq.o(i.USBD_SetFeature)
    USBD_SetFeature                          0x08003601   Thumb Code    16  usbd_ctlreq.o(i.USBD_SetFeature)
    i.USBD_Start                             0x08003610   Section        0  usbd_core.o(i.USBD_Start)
    i.USBD_StdDevReq                         0x0800361a   Section        0  usbd_ctlreq.o(i.USBD_StdDevReq)
    i.USBD_StdEPReq                          0x08003684   Section        0  usbd_ctlreq.o(i.USBD_StdEPReq)
    i.USBD_StdItfReq                         0x08003868   Section        0  usbd_ctlreq.o(i.USBD_StdItfReq)
    i.USBD_static_free                       0x080038d2   Section        0  usbd_conf.o(i.USBD_static_free)
    i.USBD_static_malloc                     0x080038d4   Section        0  usbd_conf.o(i.USBD_static_malloc)
    i.USB_ActivateEndpoint                   0x080038dc   Section        0  stm32g4xx_ll_usb.o(i.USB_ActivateEndpoint)
    i.USB_Data_Out                           0x08003b9c   Section        0  usb_data.o(i.USB_Data_Out)
    i.USB_DeactivateEndpoint                 0x08003c98   Section        0  stm32g4xx_ll_usb.o(i.USB_DeactivateEndpoint)
    i.USB_DevConnect                         0x08003dd0   Section        0  stm32g4xx_ll_usb.o(i.USB_DevConnect)
    i.USB_DevInit                            0x08003dde   Section        0  stm32g4xx_ll_usb.o(i.USB_DevInit)
    i.USB_DisableGlobalInt                   0x08003df8   Section        0  stm32g4xx_ll_usb.o(i.USB_DisableGlobalInt)
    i.USB_EP0_OutStart                       0x08003e08   Section        0  stm32g4xx_ll_usb.o(i.USB_EP0_OutStart)
    i.USB_EPClearStall                       0x08003e0c   Section        0  stm32g4xx_ll_usb.o(i.USB_EPClearStall)
    i.USB_EPSetStall                         0x08003e90   Section        0  stm32g4xx_ll_usb.o(i.USB_EPSetStall)
    i.USB_EPStartXfer                        0x08003ecc   Section        0  stm32g4xx_ll_usb.o(i.USB_EPStartXfer)
    i.USB_EnableGlobalInt                    0x080040ce   Section        0  stm32g4xx_ll_usb.o(i.USB_EnableGlobalInt)
    i.USB_LP_IRQHandler                      0x080040e0   Section        0  stm32g4xx_it.o(i.USB_LP_IRQHandler)
    i.USB_ReadInterrupts                     0x080040ec   Section        0  stm32g4xx_ll_usb.o(i.USB_ReadInterrupts)
    i.USB_ReadPMA                            0x080040f2   Section        0  stm32g4xx_ll_usb.o(i.USB_ReadPMA)
    i.USB_SetDevAddress                      0x0800411c   Section        0  stm32g4xx_ll_usb.o(i.USB_SetDevAddress)
    i.USB_StopDevice                         0x0800412a   Section        0  stm32g4xx_ll_usb.o(i.USB_StopDevice)
    i.USB_WritePMA                           0x0800413c   Section        0  stm32g4xx_ll_usb.o(i.USB_WritePMA)
    i.Update_Task_Deal                       0x08004164   Section        0  inter_flash.o(i.Update_Task_Deal)
    i.UsageFault_Handler                     0x080044b0   Section        0  stm32g4xx_it.o(i.UsageFault_Handler)
    i.Usb_Buf_In                             0x080044b4   Section        0  usb_data.o(i.Usb_Buf_In)
    i.Usb_Pro_Pack                           0x080044e8   Section        0  usb_data.o(i.Usb_Pro_Pack)
    i.Usb_Pro_PackT                          0x08004534   Section        0  usb_data.o(i.Usb_Pro_PackT)
    i.Usb_Send_Data                          0x0800458c   Section        0  usb_data.o(i.Usb_Send_Data)
    i.__0vsprintf                            0x08004658   Section        0  printfa.o(i.__0vsprintf)
    i.__NVIC_SetPriority                     0x0800467c   Section        0  stm32g4xx_hal_cortex.o(i.__NVIC_SetPriority)
    __NVIC_SetPriority                       0x0800467d   Thumb Code    32  stm32g4xx_hal_cortex.o(i.__NVIC_SetPriority)
    i.__scatterload_copy                     0x0800469c   Section       14  handlers.o(i.__scatterload_copy)
    i.__scatterload_null                     0x080046aa   Section        2  handlers.o(i.__scatterload_null)
    i.__scatterload_zeroinit                 0x080046ac   Section       14  handlers.o(i.__scatterload_zeroinit)
    i._fp_digits                             0x080046bc   Section        0  printfa.o(i._fp_digits)
    _fp_digits                               0x080046bd   Thumb Code   366  printfa.o(i._fp_digits)
    i._printf_core                           0x08004840   Section        0  printfa.o(i._printf_core)
    _printf_core                             0x08004841   Thumb Code  1704  printfa.o(i._printf_core)
    i._printf_post_padding                   0x08004ef4   Section        0  printfa.o(i._printf_post_padding)
    _printf_post_padding                     0x08004ef5   Thumb Code    36  printfa.o(i._printf_post_padding)
    i._printf_pre_padding                    0x08004f18   Section        0  printfa.o(i._printf_pre_padding)
    _printf_pre_padding                      0x08004f19   Thumb Code    46  printfa.o(i._printf_pre_padding)
    i._sputc                                 0x08004f46   Section        0  printfa.o(i._sputc)
    _sputc                                   0x08004f47   Thumb Code    10  printfa.o(i._sputc)
    i.cpuflash_erase                         0x08004f50   Section        0  inter_flash.o(i.cpuflash_erase)
    i.cpuflash_read                          0x0800502c   Section        0  inter_flash.o(i.cpuflash_read)
    i.cpuflash_write                         0x08005048   Section        0  inter_flash.o(i.cpuflash_write)
    i.loaddAPP                               0x08005124   Section        0  main.o(i.loaddAPP)
    i.main                                   0x08005138   Section        0  main.o(i.main)
    .constdata                               0x08005268   Section       16  system_stm32g4xx.o(.constdata)
    .data                                    0x20000000   Section       16  inter_flash.o(.data)
    step                                     0x20000001   Data           1  inter_flash.o(.data)
    UpdataTime                               0x2000000c   Data           4  inter_flash.o(.data)
    .data                                    0x20000010   Section        2  usb_data.o(.data)
    ProStep                                  0x20000010   Data           1  usb_data.o(.data)
    CheckSum                                 0x20000011   Data           1  usb_data.o(.data)
    .data                                    0x20000014   Section        8  main.o(.data)
    LEDStep                                  0x20000014   Data           1  main.o(.data)
    LEDTime                                  0x20000018   Data           4  main.o(.data)
    .data                                    0x2000001c   Section       32  usbd_desc.o(.data)
    .data                                    0x2000003c   Section       50  usbd_desc.o(.data)
    .data                                    0x20000070   Section       16  usbd_cdc_if.o(.data)
    .data                                    0x20000080   Section       12  stm32g4xx_hal.o(.data)
    .data                                    0x2000008c   Section       32  stm32g4xx_hal_flash.o(.data)
    .data                                    0x200000ac   Section        4  system_stm32g4xx.o(.data)
    .data                                    0x200000b0   Section        1  usbd_ctlreq.o(.data)
    cfgidx                                   0x200000b0   Data           1  usbd_ctlreq.o(.data)
    .data                                    0x200000b4   Section      215  usbd_cdc.o(.data)
    USBD_CDC_DeviceQualifierDesc             0x200000b4   Data          10  usbd_cdc.o(.data)
    .data                                    0x2000018c   Section       56  usbd_cdc.o(.data)
    .bss                                     0x200001c4   Section     1298  inter_flash.o(.bss)
    .bss                                     0x200006d6   Section     1722  usb_data.o(.bss)
    .bss                                     0x20000d90   Section      708  usb_device.o(.bss)
    .bss                                     0x20001054   Section     1172  usbd_conf.o(.bss)
    mem                                      0x20001054   Data         544  usbd_conf.o(.bss)
    .bss                                     0x200014e8   Section      512  usbd_desc.o(.bss)
    .bss                                     0x200016e8   Section     2000  usbd_cdc_if.o(.bss)
    STACK                                    0x20001eb8   Section     4608  startup_stm32g473xx.o(STACK)

    Global Symbols

    Symbol Name                              Value     Ov Type        Size  Object(Section)

    BuildAttributes$$THM_ISAv4$E$P$D$K$B$S$7EM$VFPi3$EXTD16$VFPS$VFMA$PE$A:L22UL41UL21$X:L11$S22US41US21$IEEE1$IW$USESV6$~STKCKD$USESV7$~SHL$OSPACE$ROPI$EBA8$MICROLIB$REQ8$PRES8$EABIv2 0x00000000   Number         0  anon$$obj.o ABSOLUTE
    __ARM_use_no_argv                        0x00000000   Number         0  main.o ABSOLUTE
    __arm_fini_                               - Undefined Weak Reference
    __cpp_initialize__aeabi_                  - Undefined Weak Reference
    __cxa_finalize                            - Undefined Weak Reference
    _clock_init                               - Undefined Weak Reference
    _microlib_exit                            - Undefined Weak Reference
    __Vectors_Size                           0x000001d8   Number         0  startup_stm32g473xx.o ABSOLUTE
    __Vectors                                0x08000000   Data           4  startup_stm32g473xx.o(RESET)
    __Vectors_End                            0x080001d8   Data           0  startup_stm32g473xx.o(RESET)
    __main                                   0x080001d9   Thumb Code     0  entry.o(.ARM.Collect$$$$00000000)
    _main_stk                                0x080001d9   Thumb Code     0  entry2.o(.ARM.Collect$$$$00000001)
    _main_scatterload                        0x080001dd   Thumb Code     0  entry5.o(.ARM.Collect$$$$00000004)
    __main_after_scatterload                 0x080001e1   Thumb Code     0  entry5.o(.ARM.Collect$$$$00000004)
    _main_clock                              0x080001e1   Thumb Code     0  entry7b.o(.ARM.Collect$$$$00000008)
    _main_cpp_init                           0x080001e1   Thumb Code     0  entry8b.o(.ARM.Collect$$$$0000000A)
    _main_init                               0x080001e1   Thumb Code     0  entry9a.o(.ARM.Collect$$$$0000000B)
    __rt_lib_shutdown_fini                   0x080001e9   Thumb Code     0  entry12b.o(.ARM.Collect$$$$0000000E)
    __rt_final_cpp                           0x080001ed   Thumb Code     0  entry10a.o(.ARM.Collect$$$$0000000F)
    __rt_final_exit                          0x080001ed   Thumb Code     0  entry11a.o(.ARM.Collect$$$$00000011)
    Reset_Handler                            0x080001f1   Thumb Code     8  startup_stm32g473xx.o(.text)
    ADC1_2_IRQHandler                        0x0800020b   Thumb Code     0  startup_stm32g473xx.o(.text)
    ADC3_IRQHandler                          0x0800020b   Thumb Code     0  startup_stm32g473xx.o(.text)
    ADC4_IRQHandler                          0x0800020b   Thumb Code     0  startup_stm32g473xx.o(.text)
    ADC5_IRQHandler                          0x0800020b   Thumb Code     0  startup_stm32g473xx.o(.text)
    COMP1_2_3_IRQHandler                     0x0800020b   Thumb Code     0  startup_stm32g473xx.o(.text)
    COMP4_5_6_IRQHandler                     0x0800020b   Thumb Code     0  startup_stm32g473xx.o(.text)
    COMP7_IRQHandler                         0x0800020b   Thumb Code     0  startup_stm32g473xx.o(.text)
    CORDIC_IRQHandler                        0x0800020b   Thumb Code     0  startup_stm32g473xx.o(.text)
    CRS_IRQHandler                           0x0800020b   Thumb Code     0  startup_stm32g473xx.o(.text)
    DMA1_Channel1_IRQHandler                 0x0800020b   Thumb Code     0  startup_stm32g473xx.o(.text)
    DMA1_Channel2_IRQHandler                 0x0800020b   Thumb Code     0  startup_stm32g473xx.o(.text)
    DMA1_Channel3_IRQHandler                 0x0800020b   Thumb Code     0  startup_stm32g473xx.o(.text)
    DMA1_Channel4_IRQHandler                 0x0800020b   Thumb Code     0  startup_stm32g473xx.o(.text)
    DMA1_Channel5_IRQHandler                 0x0800020b   Thumb Code     0  startup_stm32g473xx.o(.text)
    DMA1_Channel6_IRQHandler                 0x0800020b   Thumb Code     0  startup_stm32g473xx.o(.text)
    DMA1_Channel7_IRQHandler                 0x0800020b   Thumb Code     0  startup_stm32g473xx.o(.text)
    DMA1_Channel8_IRQHandler                 0x0800020b   Thumb Code     0  startup_stm32g473xx.o(.text)
    DMA2_Channel1_IRQHandler                 0x0800020b   Thumb Code     0  startup_stm32g473xx.o(.text)
    DMA2_Channel2_IRQHandler                 0x0800020b   Thumb Code     0  startup_stm32g473xx.o(.text)
    DMA2_Channel3_IRQHandler                 0x0800020b   Thumb Code     0  startup_stm32g473xx.o(.text)
    DMA2_Channel4_IRQHandler                 0x0800020b   Thumb Code     0  startup_stm32g473xx.o(.text)
    DMA2_Channel5_IRQHandler                 0x0800020b   Thumb Code     0  startup_stm32g473xx.o(.text)
    DMA2_Channel6_IRQHandler                 0x0800020b   Thumb Code     0  startup_stm32g473xx.o(.text)
    DMA2_Channel7_IRQHandler                 0x0800020b   Thumb Code     0  startup_stm32g473xx.o(.text)
    DMA2_Channel8_IRQHandler                 0x0800020b   Thumb Code     0  startup_stm32g473xx.o(.text)
    DMAMUX_OVR_IRQHandler                    0x0800020b   Thumb Code     0  startup_stm32g473xx.o(.text)
    EXTI0_IRQHandler                         0x0800020b   Thumb Code     0  startup_stm32g473xx.o(.text)
    EXTI15_10_IRQHandler                     0x0800020b   Thumb Code     0  startup_stm32g473xx.o(.text)
    EXTI1_IRQHandler                         0x0800020b   Thumb Code     0  startup_stm32g473xx.o(.text)
    EXTI2_IRQHandler                         0x0800020b   Thumb Code     0  startup_stm32g473xx.o(.text)
    EXTI3_IRQHandler                         0x0800020b   Thumb Code     0  startup_stm32g473xx.o(.text)
    EXTI4_IRQHandler                         0x0800020b   Thumb Code     0  startup_stm32g473xx.o(.text)
    EXTI9_5_IRQHandler                       0x0800020b   Thumb Code     0  startup_stm32g473xx.o(.text)
    FDCAN2_IT1_IRQHandler                    0x0800020b   Thumb Code     0  startup_stm32g473xx.o(.text)
    FDCAN3_IT1_IRQHandler                    0x0800020b   Thumb Code     0  startup_stm32g473xx.o(.text)
    FLASH_IRQHandler                         0x0800020b   Thumb Code     0  startup_stm32g473xx.o(.text)
    FMAC_IRQHandler                          0x0800020b   Thumb Code     0  startup_stm32g473xx.o(.text)
    FMC_IRQHandler                           0x0800020b   Thumb Code     0  startup_stm32g473xx.o(.text)
    FPU_IRQHandler                           0x0800020b   Thumb Code     0  startup_stm32g473xx.o(.text)
    I2C1_ER_IRQHandler                       0x0800020b   Thumb Code     0  startup_stm32g473xx.o(.text)
    I2C1_EV_IRQHandler                       0x0800020b   Thumb Code     0  startup_stm32g473xx.o(.text)
    I2C2_ER_IRQHandler                       0x0800020b   Thumb Code     0  startup_stm32g473xx.o(.text)
    I2C2_EV_IRQHandler                       0x0800020b   Thumb Code     0  startup_stm32g473xx.o(.text)
    I2C3_ER_IRQHandler                       0x0800020b   Thumb Code     0  startup_stm32g473xx.o(.text)
    I2C3_EV_IRQHandler                       0x0800020b   Thumb Code     0  startup_stm32g473xx.o(.text)
    I2C4_ER_IRQHandler                       0x0800020b   Thumb Code     0  startup_stm32g473xx.o(.text)
    I2C4_EV_IRQHandler                       0x0800020b   Thumb Code     0  startup_stm32g473xx.o(.text)
    LPTIM1_IRQHandler                        0x0800020b   Thumb Code     0  startup_stm32g473xx.o(.text)
    LPUART1_IRQHandler                       0x0800020b   Thumb Code     0  startup_stm32g473xx.o(.text)
    PVD_PVM_IRQHandler                       0x0800020b   Thumb Code     0  startup_stm32g473xx.o(.text)
    QUADSPI_IRQHandler                       0x0800020b   Thumb Code     0  startup_stm32g473xx.o(.text)
    RCC_IRQHandler                           0x0800020b   Thumb Code     0  startup_stm32g473xx.o(.text)
    RNG_IRQHandler                           0x0800020b   Thumb Code     0  startup_stm32g473xx.o(.text)
    RTC_Alarm_IRQHandler                     0x0800020b   Thumb Code     0  startup_stm32g473xx.o(.text)
    RTC_TAMP_LSECSS_IRQHandler               0x0800020b   Thumb Code     0  startup_stm32g473xx.o(.text)
    RTC_WKUP_IRQHandler                      0x0800020b   Thumb Code     0  startup_stm32g473xx.o(.text)
    SAI1_IRQHandler                          0x0800020b   Thumb Code     0  startup_stm32g473xx.o(.text)
    SPI1_IRQHandler                          0x0800020b   Thumb Code     0  startup_stm32g473xx.o(.text)
    SPI2_IRQHandler                          0x0800020b   Thumb Code     0  startup_stm32g473xx.o(.text)
    SPI3_IRQHandler                          0x0800020b   Thumb Code     0  startup_stm32g473xx.o(.text)
    SPI4_IRQHandler                          0x0800020b   Thumb Code     0  startup_stm32g473xx.o(.text)
    TIM1_BRK_TIM15_IRQHandler                0x0800020b   Thumb Code     0  startup_stm32g473xx.o(.text)
    TIM1_CC_IRQHandler                       0x0800020b   Thumb Code     0  startup_stm32g473xx.o(.text)
    TIM1_TRG_COM_TIM17_IRQHandler            0x0800020b   Thumb Code     0  startup_stm32g473xx.o(.text)
    TIM1_UP_TIM16_IRQHandler                 0x0800020b   Thumb Code     0  startup_stm32g473xx.o(.text)
    TIM20_BRK_IRQHandler                     0x0800020b   Thumb Code     0  startup_stm32g473xx.o(.text)
    TIM20_CC_IRQHandler                      0x0800020b   Thumb Code     0  startup_stm32g473xx.o(.text)
    TIM20_TRG_COM_IRQHandler                 0x0800020b   Thumb Code     0  startup_stm32g473xx.o(.text)
    TIM20_UP_IRQHandler                      0x0800020b   Thumb Code     0  startup_stm32g473xx.o(.text)
    TIM2_IRQHandler                          0x0800020b   Thumb Code     0  startup_stm32g473xx.o(.text)
    TIM3_IRQHandler                          0x0800020b   Thumb Code     0  startup_stm32g473xx.o(.text)
    TIM4_IRQHandler                          0x0800020b   Thumb Code     0  startup_stm32g473xx.o(.text)
    TIM5_IRQHandler                          0x0800020b   Thumb Code     0  startup_stm32g473xx.o(.text)
    TIM6_DAC_IRQHandler                      0x0800020b   Thumb Code     0  startup_stm32g473xx.o(.text)
    TIM7_DAC_IRQHandler                      0x0800020b   Thumb Code     0  startup_stm32g473xx.o(.text)
    TIM8_BRK_IRQHandler                      0x0800020b   Thumb Code     0  startup_stm32g473xx.o(.text)
    TIM8_CC_IRQHandler                       0x0800020b   Thumb Code     0  startup_stm32g473xx.o(.text)
    TIM8_TRG_COM_IRQHandler                  0x0800020b   Thumb Code     0  startup_stm32g473xx.o(.text)
    TIM8_UP_IRQHandler                       0x0800020b   Thumb Code     0  startup_stm32g473xx.o(.text)
    UART4_IRQHandler                         0x0800020b   Thumb Code     0  startup_stm32g473xx.o(.text)
    UART5_IRQHandler                         0x0800020b   Thumb Code     0  startup_stm32g473xx.o(.text)
    UCPD1_IRQHandler                         0x0800020b   Thumb Code     0  startup_stm32g473xx.o(.text)
    USART1_IRQHandler                        0x0800020b   Thumb Code     0  startup_stm32g473xx.o(.text)
    USART2_IRQHandler                        0x0800020b   Thumb Code     0  startup_stm32g473xx.o(.text)
    USART3_IRQHandler                        0x0800020b   Thumb Code     0  startup_stm32g473xx.o(.text)
    USBWakeUp_IRQHandler                     0x0800020b   Thumb Code     0  startup_stm32g473xx.o(.text)
    USB_HP_IRQHandler                        0x0800020b   Thumb Code     0  startup_stm32g473xx.o(.text)
    WWDG_IRQHandler                          0x0800020b   Thumb Code     0  startup_stm32g473xx.o(.text)
    __aeabi_memcpy                           0x08000215   Thumb Code    36  memcpya.o(.text)
    __aeabi_memcpy4                          0x08000215   Thumb Code     0  memcpya.o(.text)
    __aeabi_memcpy8                          0x08000215   Thumb Code     0  memcpya.o(.text)
    __aeabi_memset                           0x08000239   Thumb Code    14  memseta.o(.text)
    __aeabi_memset4                          0x08000239   Thumb Code     0  memseta.o(.text)
    __aeabi_memset8                          0x08000239   Thumb Code     0  memseta.o(.text)
    __aeabi_memclr                           0x08000247   Thumb Code     4  memseta.o(.text)
    __aeabi_memclr4                          0x08000247   Thumb Code     0  memseta.o(.text)
    __aeabi_memclr8                          0x08000247   Thumb Code     0  memseta.o(.text)
    _memset$wrapper                          0x0800024b   Thumb Code    18  memseta.o(.text)
    __aeabi_uidiv                            0x0800025d   Thumb Code     0  uidiv.o(.text)
    __aeabi_uidivmod                         0x0800025d   Thumb Code    44  uidiv.o(.text)
    __aeabi_uldivmod                         0x08000289   Thumb Code    98  uldiv.o(.text)
    __I$use$fp                               0x080002eb   Thumb Code     0  iusefp.o(.text)
    __aeabi_dadd                             0x080002eb   Thumb Code   322  dadd.o(.text)
    __aeabi_dsub                             0x0800042d   Thumb Code     6  dadd.o(.text)
    __aeabi_drsub                            0x08000433   Thumb Code     6  dadd.o(.text)
    __aeabi_dmul                             0x08000439   Thumb Code   228  dmul.o(.text)
    __aeabi_ddiv                             0x0800051d   Thumb Code   222  ddiv.o(.text)
    __aeabi_d2ulz                            0x080005fb   Thumb Code    48  dfixul.o(.text)
    __aeabi_cdrcmple                         0x0800062d   Thumb Code    48  cdrcmple.o(.text)
    __scatterload                            0x0800065d   Thumb Code    28  init.o(.text)
    __scatterload_rt2                        0x0800065d   Thumb Code     0  init.o(.text)
    __aeabi_llsl                             0x08000681   Thumb Code    30  llshl.o(.text)
    _ll_shift_l                              0x08000681   Thumb Code     0  llshl.o(.text)
    __aeabi_llsr                             0x0800069f   Thumb Code    32  llushr.o(.text)
    _ll_ushift_r                             0x0800069f   Thumb Code     0  llushr.o(.text)
    __aeabi_lasr                             0x080006bf   Thumb Code    36  llsshr.o(.text)
    _ll_sshift_r                             0x080006bf   Thumb Code     0  llsshr.o(.text)
    _double_round                            0x080006e3   Thumb Code    30  depilogue.o(.text)
    _double_epilogue                         0x08000701   Thumb Code   156  depilogue.o(.text)
    __decompress                             0x0800079d   Thumb Code     0  __dczerorl2.o(.text)
    __decompress1                            0x0800079d   Thumb Code    86  __dczerorl2.o(.text)
    BusFault_Handler                         0x080007f3   Thumb Code     2  stm32g4xx_it.o(i.BusFault_Handler)
    CDC_Transmit_FS                          0x0800083d   Thumb Code    40  usbd_cdc_if.o(i.CDC_Transmit_FS)
    CheckSysTick                             0x08000869   Thumb Code    40  tool.o(i.CheckSysTick)
    DebugMon_Handler                         0x08000891   Thumb Code     2  stm32g4xx_it.o(i.DebugMon_Handler)
    Error_Handler                            0x08000893   Thumb Code     2  main.o(i.Error_Handler)
    FDCAN2_IT0_IRQHandler                    0x08000895   Thumb Code     2  stm32g4xx_it.o(i.FDCAN2_IT0_IRQHandler)
    FDCAN3_IT0_IRQHandler                    0x08000897   Thumb Code     2  stm32g4xx_it.o(i.FDCAN3_IT0_IRQHandler)
    FLASH_FlushCaches                        0x08000899   Thumb Code    76  stm32g4xx_hal_flash_ex.o(i.FLASH_FlushCaches)
    FLASH_PageErase                          0x08000929   Thumb Code    72  stm32g4xx_hal_flash_ex.o(i.FLASH_PageErase)
    FLASH_WaitForLastOperation               0x080009bd   Thumb Code    94  stm32g4xx_hal_flash.o(i.FLASH_WaitForLastOperation)
    Flash_Boot_Init                          0x08000a25   Thumb Code    10  inter_flash.o(i.Flash_Boot_Init)
    GetBank                                  0x08000a35   Thumb Code    50  inter_flash.o(i.GetBank)
    GetPage                                  0x08000a71   Thumb Code    42  inter_flash.o(i.GetPage)
    GetSysTick                               0x08000aa1   Thumb Code    12  tool.o(i.GetSysTick)
    HAL_Delay                                0x08000ae5   Thumb Code    32  stm32g4xx_hal.o(i.HAL_Delay)
    HAL_FLASHEx_Erase                        0x08000b09   Thumb Code   250  stm32g4xx_hal_flash_ex.o(i.HAL_FLASHEx_Erase)
    HAL_FLASH_Lock                           0x08000c0d   Thumb Code    22  stm32g4xx_hal_flash.o(i.HAL_FLASH_Lock)
    HAL_FLASH_Program                        0x08000c29   Thumb Code   120  stm32g4xx_hal_flash.o(i.HAL_FLASH_Program)
    HAL_FLASH_Unlock                         0x08000ca9   Thumb Code    28  stm32g4xx_hal_flash.o(i.HAL_FLASH_Unlock)
    HAL_GPIO_DeInit                          0x08000cd1   Thumb Code   252  stm32g4xx_hal_gpio.o(i.HAL_GPIO_DeInit)
    HAL_GPIO_Init                            0x08000de9   Thumb Code   386  stm32g4xx_hal_gpio.o(i.HAL_GPIO_Init)
    HAL_GPIO_WritePin                        0x08000f8d   Thumb Code    12  stm32g4xx_hal_gpio.o(i.HAL_GPIO_WritePin)
    HAL_GetTick                              0x08000f99   Thumb Code     6  stm32g4xx_hal.o(i.HAL_GetTick)
    HAL_IncTick                              0x08000fa5   Thumb Code    12  stm32g4xx_hal.o(i.HAL_IncTick)
    HAL_Init                                 0x08000fb5   Thumb Code    30  stm32g4xx_hal.o(i.HAL_Init)
    HAL_InitTick                             0x08000fd5   Thumb Code    68  stm32g4xx_hal.o(i.HAL_InitTick)
    HAL_MspInit                              0x08001021   Thumb Code    48  stm32g4xx_hal_msp.o(i.HAL_MspInit)
    HAL_NVIC_DisableIRQ                      0x08001059   Thumb Code    34  stm32g4xx_hal_cortex.o(i.HAL_NVIC_DisableIRQ)
    HAL_NVIC_EnableIRQ                       0x0800107b   Thumb Code    26  stm32g4xx_hal_cortex.o(i.HAL_NVIC_EnableIRQ)
    HAL_NVIC_SetPriority                     0x08001095   Thumb Code    60  stm32g4xx_hal_cortex.o(i.HAL_NVIC_SetPriority)
    HAL_NVIC_SetPriorityGrouping             0x080010d5   Thumb Code    26  stm32g4xx_hal_cortex.o(i.HAL_NVIC_SetPriorityGrouping)
    HAL_PCDEx_ActivateLPM                    0x080010f9   Thumb Code    36  stm32g4xx_hal_pcd_ex.o(i.HAL_PCDEx_ActivateLPM)
    HAL_PCDEx_LPM_Callback                   0x0800111d   Thumb Code    66  usbd_conf.o(i.HAL_PCDEx_LPM_Callback)
    HAL_PCDEx_PMAConfig                      0x08001165   Thumb Code    52  stm32g4xx_hal_pcd_ex.o(i.HAL_PCDEx_PMAConfig)
    HAL_PCD_DataInStageCallback              0x08001199   Thumb Code    14  usbd_conf.o(i.HAL_PCD_DataInStageCallback)
    HAL_PCD_DataOutStageCallback             0x080011a7   Thumb Code    16  usbd_conf.o(i.HAL_PCD_DataOutStageCallback)
    HAL_PCD_DeInit                           0x080011b7   Thumb Code    38  stm32g4xx_hal_pcd.o(i.HAL_PCD_DeInit)
    HAL_PCD_EP_Close                         0x080011dd   Thumb Code    68  stm32g4xx_hal_pcd.o(i.HAL_PCD_EP_Close)
    HAL_PCD_EP_ClrStall                      0x08001221   Thumb Code    84  stm32g4xx_hal_pcd.o(i.HAL_PCD_EP_ClrStall)
    HAL_PCD_EP_GetRxCount                    0x08001275   Thumb Code    14  stm32g4xx_hal_pcd.o(i.HAL_PCD_EP_GetRxCount)
    HAL_PCD_EP_Open                          0x08001283   Thumb Code    88  stm32g4xx_hal_pcd.o(i.HAL_PCD_EP_Open)
    HAL_PCD_EP_Receive                       0x080012db   Thumb Code    50  stm32g4xx_hal_pcd.o(i.HAL_PCD_EP_Receive)
    HAL_PCD_EP_SetStall                      0x0800130d   Thumb Code   102  stm32g4xx_hal_pcd.o(i.HAL_PCD_EP_SetStall)
    HAL_PCD_EP_Transmit                      0x08001373   Thumb Code    50  stm32g4xx_hal_pcd.o(i.HAL_PCD_EP_Transmit)
    HAL_PCD_IRQHandler                       0x080013a5   Thumb Code   380  stm32g4xx_hal_pcd.o(i.HAL_PCD_IRQHandler)
    HAL_PCD_Init                             0x08001521   Thumb Code   162  stm32g4xx_hal_pcd.o(i.HAL_PCD_Init)
    HAL_PCD_MspDeInit                        0x080015c5   Thumb Code    44  usbd_conf.o(i.HAL_PCD_MspDeInit)
    HAL_PCD_MspInit                          0x080015f9   Thumb Code   102  usbd_conf.o(i.HAL_PCD_MspInit)
    HAL_PCD_ResetCallback                    0x08001669   Thumb Code    38  usbd_conf.o(i.HAL_PCD_ResetCallback)
    HAL_PCD_ResumeCallback                   0x08001691   Thumb Code    36  usbd_conf.o(i.HAL_PCD_ResumeCallback)
    HAL_PCD_SOFCallback                      0x080016b9   Thumb Code     8  usbd_conf.o(i.HAL_PCD_SOFCallback)
    HAL_PCD_SetAddress                       0x080016c1   Thumb Code    40  stm32g4xx_hal_pcd.o(i.HAL_PCD_SetAddress)
    HAL_PCD_SetupStageCallback               0x080016e9   Thumb Code    14  usbd_conf.o(i.HAL_PCD_SetupStageCallback)
    HAL_PCD_Start                            0x080016f7   Thumb Code    42  stm32g4xx_hal_pcd.o(i.HAL_PCD_Start)
    HAL_PCD_Stop                             0x08001721   Thumb Code    42  stm32g4xx_hal_pcd.o(i.HAL_PCD_Stop)
    HAL_PCD_SuspendCallback                  0x0800174d   Thumb Code    30  usbd_conf.o(i.HAL_PCD_SuspendCallback)
    HAL_PWREx_ControlVoltageScaling          0x08001771   Thumb Code   190  stm32g4xx_hal_pwr_ex.o(i.HAL_PWREx_ControlVoltageScaling)
    HAL_RCCEx_PeriphCLKConfig                0x0800183d   Thumb Code   776  stm32g4xx_hal_rcc_ex.o(i.HAL_RCCEx_PeriphCLKConfig)
    HAL_RCC_ClockConfig                      0x08001b4d   Thumb Code   432  stm32g4xx_hal_rcc.o(i.HAL_RCC_ClockConfig)
    HAL_RCC_GetSysClockFreq                  0x08001d15   Thumb Code   106  stm32g4xx_hal_rcc.o(i.HAL_RCC_GetSysClockFreq)
    HAL_RCC_OscConfig                        0x08001d89   Thumb Code  1112  stm32g4xx_hal_rcc.o(i.HAL_RCC_OscConfig)
    HAL_SYSTICK_Config                       0x080021e1   Thumb Code    40  stm32g4xx_hal_cortex.o(i.HAL_SYSTICK_Config)
    HardFault_Handler                        0x08002209   Thumb Code    30  stm32g4xx_it.o(i.HardFault_Handler)
    LED_Status                               0x08002269   Thumb Code   136  main.o(i.LED_Status)
    MX_USB_Device_DeInit                     0x0800236d   Thumb Code     6  usb_device.o(i.MX_USB_Device_DeInit)
    MX_USB_Device_Init                       0x08002379   Thumb Code    66  usb_device.o(i.MX_USB_Device_Init)
    MemManage_Handler                        0x080023cd   Thumb Code     2  stm32g4xx_it.o(i.MemManage_Handler)
    MyPrintf                                 0x080023cf   Thumb Code    40  tool.o(i.MyPrintf)
    NMI_Handler                              0x080023f7   Thumb Code     2  stm32g4xx_it.o(i.NMI_Handler)
    PendSV_Handler                           0x080026ad   Thumb Code     2  stm32g4xx_it.o(i.PendSV_Handler)
    Pro_Parse                                0x080026b1   Thumb Code   236  usb_data.o(i.Pro_Parse)
    Read_Update_Para                         0x08002839   Thumb Code    28  inter_flash.o(i.Read_Update_Para)
    SVC_Handler                              0x0800286d   Thumb Code     2  stm32g4xx_it.o(i.SVC_Handler)
    SysTick_Handler                          0x0800286f   Thumb Code     4  stm32g4xx_it.o(i.SysTick_Handler)
    SystemClock_Config                       0x08002877   Thumb Code   146  main.o(i.SystemClock_Config)
    SystemInit                               0x08002909   Thumb Code    22  system_stm32g4xx.o(i.SystemInit)
    USBD_CDC_ConfigStrDescriptor             0x08002925   Thumb Code    32  usbd_desc.o(i.USBD_CDC_ConfigStrDescriptor)
    USBD_CDC_DeviceDescriptor                0x080029ed   Thumb Code     8  usbd_desc.o(i.USBD_CDC_DeviceDescriptor)
    USBD_CDC_GetDeviceQualifierDescriptor    0x08002a25   Thumb Code     8  usbd_cdc.o(i.USBD_CDC_GetDeviceQualifierDescriptor)
    USBD_CDC_InterfaceStrDescriptor          0x08002ac9   Thumb Code    32  usbd_desc.o(i.USBD_CDC_InterfaceStrDescriptor)
    USBD_CDC_LangIDStrDescriptor             0x08002afd   Thumb Code     8  usbd_desc.o(i.USBD_CDC_LangIDStrDescriptor)
    USBD_CDC_ManufacturerStrDescriptor       0x08002b09   Thumb Code    16  usbd_desc.o(i.USBD_CDC_ManufacturerStrDescriptor)
    USBD_CDC_ProductStrDescriptor            0x08002b31   Thumb Code    32  usbd_desc.o(i.USBD_CDC_ProductStrDescriptor)
    USBD_CDC_ReceivePacket                   0x08002b6d   Thumb Code    50  usbd_cdc.o(i.USBD_CDC_ReceivePacket)
    USBD_CDC_RegisterInterface               0x08002b9f   Thumb Code    16  usbd_cdc.o(i.USBD_CDC_RegisterInterface)
    USBD_CDC_SerialStrDescriptor             0x08002bb1   Thumb Code    14  usbd_desc.o(i.USBD_CDC_SerialStrDescriptor)
    USBD_CDC_SetRxBuffer                     0x08002bc5   Thumb Code    12  usbd_cdc.o(i.USBD_CDC_SetRxBuffer)
    USBD_CDC_SetTxBuffer                     0x08002bd1   Thumb Code    16  usbd_cdc.o(i.USBD_CDC_SetTxBuffer)
    USBD_CDC_TransmitPacket                  0x08002cc5   Thumb Code    52  usbd_cdc.o(i.USBD_CDC_TransmitPacket)
    USBD_ClrClassConfig                      0x08002cf9   Thumb Code    14  usbd_core.o(i.USBD_ClrClassConfig)
    USBD_CtlContinueRx                       0x08002d2d   Thumb Code    16  usbd_ioreq.o(i.USBD_CtlContinueRx)
    USBD_CtlContinueSendData                 0x08002d3d   Thumb Code    16  usbd_ioreq.o(i.USBD_CtlContinueSendData)
    USBD_CtlError                            0x08002d4d   Thumb Code    24  usbd_ctlreq.o(i.USBD_CtlError)
    USBD_CtlPrepareRx                        0x08002d65   Thumb Code    30  usbd_ioreq.o(i.USBD_CtlPrepareRx)
    USBD_CtlReceiveStatus                    0x08002d83   Thumb Code    22  usbd_ioreq.o(i.USBD_CtlReceiveStatus)
    USBD_CtlSendData                         0x08002d99   Thumb Code    26  usbd_ioreq.o(i.USBD_CtlSendData)
    USBD_CtlSendStatus                       0x08002db3   Thumb Code    22  usbd_ioreq.o(i.USBD_CtlSendStatus)
    USBD_DeInit                              0x08002dc9   Thumb Code    38  usbd_core.o(i.USBD_DeInit)
    USBD_GetString                           0x0800304f   Thumb Code    62  usbd_ctlreq.o(i.USBD_GetString)
    USBD_Init                                0x080030b1   Thumb Code    44  usbd_core.o(i.USBD_Init)
    USBD_LL_ClearStallEP                     0x080030dd   Thumb Code    18  usbd_conf.o(i.USBD_LL_ClearStallEP)
    USBD_LL_CloseEP                          0x080030ef   Thumb Code    18  usbd_conf.o(i.USBD_LL_CloseEP)
    USBD_LL_DataInStage                      0x08003101   Thumb Code   214  usbd_core.o(i.USBD_LL_DataInStage)
    USBD_LL_DataOutStage                     0x080031d7   Thumb Code   134  usbd_core.o(i.USBD_LL_DataOutStage)
    USBD_LL_DeInit                           0x0800325d   Thumb Code    18  usbd_conf.o(i.USBD_LL_DeInit)
    USBD_LL_GetRxDataSize                    0x0800326f   Thumb Code     8  usbd_conf.o(i.USBD_LL_GetRxDataSize)
    USBD_LL_Init                             0x08003279   Thumb Code   120  usbd_conf.o(i.USBD_LL_Init)
    USBD_LL_IsStallEP                        0x080032f9   Thumb Code    28  usbd_conf.o(i.USBD_LL_IsStallEP)
    USBD_LL_OpenEP                           0x08003315   Thumb Code    24  usbd_conf.o(i.USBD_LL_OpenEP)
    USBD_LL_PrepareReceive                   0x0800332d   Thumb Code    18  usbd_conf.o(i.USBD_LL_PrepareReceive)
    USBD_LL_Reset                            0x0800333f   Thumb Code    82  usbd_core.o(i.USBD_LL_Reset)
    USBD_LL_Resume                           0x08003391   Thumb Code    20  usbd_core.o(i.USBD_LL_Resume)
    USBD_LL_SOF                              0x080033a5   Thumb Code    24  usbd_core.o(i.USBD_LL_SOF)
    USBD_LL_SetSpeed                         0x080033bd   Thumb Code     6  usbd_core.o(i.USBD_LL_SetSpeed)
    USBD_LL_SetUSBAddress                    0x080033c3   Thumb Code    18  usbd_conf.o(i.USBD_LL_SetUSBAddress)
    USBD_LL_SetupStage                       0x080033d5   Thumb Code    90  usbd_core.o(i.USBD_LL_SetupStage)
    USBD_LL_StallEP                          0x0800342f   Thumb Code    18  usbd_conf.o(i.USBD_LL_StallEP)
    USBD_LL_Start                            0x08003441   Thumb Code    18  usbd_conf.o(i.USBD_LL_Start)
    USBD_LL_Stop                             0x08003453   Thumb Code    18  usbd_conf.o(i.USBD_LL_Stop)
    USBD_LL_Suspend                          0x08003465   Thumb Code    16  usbd_core.o(i.USBD_LL_Suspend)
    USBD_LL_Transmit                         0x08003475   Thumb Code    18  usbd_conf.o(i.USBD_LL_Transmit)
    USBD_ParseSetupRequest                   0x08003487   Thumb Code    40  usbd_ctlreq.o(i.USBD_ParseSetupRequest)
    USBD_RegisterClass                       0x080034af   Thumb Code    18  usbd_core.o(i.USBD_RegisterClass)
    USBD_RunTestMode                         0x080034c1   Thumb Code     4  usbd_core.o(i.USBD_RunTestMode)
    USBD_SetClassConfig                      0x0800351d   Thumb Code    24  usbd_core.o(i.USBD_SetClassConfig)
    USBD_Start                               0x08003611   Thumb Code    10  usbd_core.o(i.USBD_Start)
    USBD_StdDevReq                           0x0800361b   Thumb Code   106  usbd_ctlreq.o(i.USBD_StdDevReq)
    USBD_StdEPReq                            0x08003685   Thumb Code   484  usbd_ctlreq.o(i.USBD_StdEPReq)
    USBD_StdItfReq                           0x08003869   Thumb Code   106  usbd_ctlreq.o(i.USBD_StdItfReq)
    USBD_static_free                         0x080038d3   Thumb Code     2  usbd_conf.o(i.USBD_static_free)
    USBD_static_malloc                       0x080038d5   Thumb Code     4  usbd_conf.o(i.USBD_static_malloc)
    USB_ActivateEndpoint                     0x080038dd   Thumb Code   702  stm32g4xx_ll_usb.o(i.USB_ActivateEndpoint)
    USB_Data_Out                             0x08003b9d   Thumb Code   218  usb_data.o(i.USB_Data_Out)
    USB_DeactivateEndpoint                   0x08003c99   Thumb Code   312  stm32g4xx_ll_usb.o(i.USB_DeactivateEndpoint)
    USB_DevConnect                           0x08003dd1   Thumb Code    14  stm32g4xx_ll_usb.o(i.USB_DevConnect)
    USB_DevInit                              0x08003ddf   Thumb Code    26  stm32g4xx_ll_usb.o(i.USB_DevInit)
    USB_DisableGlobalInt                     0x08003df9   Thumb Code    16  stm32g4xx_ll_usb.o(i.USB_DisableGlobalInt)
    USB_EP0_OutStart                         0x08003e09   Thumb Code     4  stm32g4xx_ll_usb.o(i.USB_EP0_OutStart)
    USB_EPClearStall                         0x08003e0d   Thumb Code   132  stm32g4xx_ll_usb.o(i.USB_EPClearStall)
    USB_EPSetStall                           0x08003e91   Thumb Code    60  stm32g4xx_ll_usb.o(i.USB_EPSetStall)
    USB_EPStartXfer                          0x08003ecd   Thumb Code   514  stm32g4xx_ll_usb.o(i.USB_EPStartXfer)
    USB_EnableGlobalInt                      0x080040cf   Thumb Code    16  stm32g4xx_ll_usb.o(i.USB_EnableGlobalInt)
    USB_LP_IRQHandler                        0x080040e1   Thumb Code     6  stm32g4xx_it.o(i.USB_LP_IRQHandler)
    USB_ReadInterrupts                       0x080040ed   Thumb Code     6  stm32g4xx_ll_usb.o(i.USB_ReadInterrupts)
    USB_ReadPMA                              0x080040f3   Thumb Code    42  stm32g4xx_ll_usb.o(i.USB_ReadPMA)
    USB_SetDevAddress                        0x0800411d   Thumb Code    14  stm32g4xx_ll_usb.o(i.USB_SetDevAddress)
    USB_StopDevice                           0x0800412b   Thumb Code    18  stm32g4xx_ll_usb.o(i.USB_StopDevice)
    USB_WritePMA                             0x0800413d   Thumb Code    38  stm32g4xx_ll_usb.o(i.USB_WritePMA)
    Update_Task_Deal                         0x08004165   Thumb Code   582  inter_flash.o(i.Update_Task_Deal)
    UsageFault_Handler                       0x080044b1   Thumb Code     2  stm32g4xx_it.o(i.UsageFault_Handler)
    Usb_Buf_In                               0x080044b5   Thumb Code    46  usb_data.o(i.Usb_Buf_In)
    Usb_Pro_Pack                             0x080044e9   Thumb Code    70  usb_data.o(i.Usb_Pro_Pack)
    Usb_Pro_PackT                            0x08004535   Thumb Code    82  usb_data.o(i.Usb_Pro_PackT)
    Usb_Send_Data                            0x0800458d   Thumb Code   200  usb_data.o(i.Usb_Send_Data)
    __0vsprintf                              0x08004659   Thumb Code    30  printfa.o(i.__0vsprintf)
    __1vsprintf                              0x08004659   Thumb Code     0  printfa.o(i.__0vsprintf)
    __2vsprintf                              0x08004659   Thumb Code     0  printfa.o(i.__0vsprintf)
    __c89vsprintf                            0x08004659   Thumb Code     0  printfa.o(i.__0vsprintf)
    vsprintf                                 0x08004659   Thumb Code     0  printfa.o(i.__0vsprintf)
    __scatterload_copy                       0x0800469d   Thumb Code    14  handlers.o(i.__scatterload_copy)
    __scatterload_null                       0x080046ab   Thumb Code     2  handlers.o(i.__scatterload_null)
    __scatterload_zeroinit                   0x080046ad   Thumb Code    14  handlers.o(i.__scatterload_zeroinit)
    cpuflash_erase                           0x08004f51   Thumb Code   122  inter_flash.o(i.cpuflash_erase)
    cpuflash_read                            0x0800502d   Thumb Code    26  inter_flash.o(i.cpuflash_read)
    cpuflash_write                           0x08005049   Thumb Code   186  inter_flash.o(i.cpuflash_write)
    loaddAPP                                 0x08005125   Thumb Code    14  main.o(i.loaddAPP)
    main                                     0x08005139   Thumb Code   160  main.o(i.main)
    AHBPrescTable                            0x08005268   Data          16  system_stm32g4xx.o(.constdata)
    Region$$Table$$Base                      0x08005278   Number         0  anon$$obj.o(Region$$Table)
    Region$$Table$$Limit                     0x08005298   Number         0  anon$$obj.o(Region$$Table)
    UpdataReturnValue                        0x20000000   Data           1  inter_flash.o(.data)
    CurretWAdress                            0x20000004   Data           4  inter_flash.o(.data)
    TCRC                                     0x20000008   Data           4  inter_flash.o(.data)
    CDC_Desc                                 0x2000001c   Data          32  usbd_desc.o(.data)
    USBD_LangIDDesc                          0x2000003c   Data           4  usbd_desc.o(.data)
    USBD_CDC_DeviceDesc                      0x20000040   Data          18  usbd_desc.o(.data)
    USBD_StringSerial                        0x20000054   Data          26  usbd_desc.o(.data)
    USBD_Interface_fops_FS                   0x20000070   Data          16  usbd_cdc_if.o(.data)
    uwTickPrio                               0x20000080   Data           4  stm32g4xx_hal.o(.data)
    uwTickFreq                               0x20000084   Data           4  stm32g4xx_hal.o(.data)
    uwTick                                   0x20000088   Data           4  stm32g4xx_hal.o(.data)
    pFlash                                   0x2000008c   Data          32  stm32g4xx_hal_flash.o(.data)
    SystemCoreClock                          0x200000ac   Data           4  system_stm32g4xx.o(.data)
    USBD_CDC_CfgHSDesc                       0x200000c0   Data          67  usbd_cdc.o(.data)
    USBD_CDC_CfgFSDesc                       0x20000104   Data          67  usbd_cdc.o(.data)
    USBD_CDC_OtherSpeedCfgDesc               0x20000148   Data          67  usbd_cdc.o(.data)
    USBD_CDC                                 0x2000018c   Data          56  usbd_cdc.o(.data)
    UpdateCtrlPara                           0x200001c4   Data        1042  inter_flash.o(.bss)
    FlaBBuf                                  0x200005d6   Data         256  inter_flash.o(.bss)
    UsbData                                  0x200006d6   Data         604  usb_data.o(.bss)
    ProDeal                                  0x20000932   Data         606  usb_data.o(.bss)
    TTDataBuf                                0x20000b90   Data         512  usb_data.o(.bss)
    hUsbDeviceFS                             0x20000d90   Data         708  usb_device.o(.bss)
    hpcd_USB_FS                              0x20001274   Data         628  usbd_conf.o(.bss)
    USBD_StrDesc                             0x200014e8   Data         512  usbd_desc.o(.bss)
    UserRxBufferFS                           0x200016e8   Data        1000  usbd_cdc_if.o(.bss)
    UserTxBufferFS                           0x20001ad0   Data        1000  usbd_cdc_if.o(.bss)
    __initial_sp                             0x200030b8   Data           0  startup_stm32g473xx.o(STACK)



==============================================================================

Memory Map of the image

  Image Entry point : 0x080001d9

  Load Region LR_IROM1 (Base: 0x08000000, Size: 0x0000545c, Max: 0x00009000, ABSOLUTE, COMPRESSED[0x00005358])

    Execution Region ER_IROM1 (Exec base: 0x08000000, Load base: 0x08000000, Size: 0x00005298, Max: 0x00009000, ABSOLUTE)

    Exec Addr    Load Addr    Size         Type   Attr      Idx    E Section Name        Object

    0x08000000   0x08000000   0x000001d8   Data   RO            3    RESET               startup_stm32g473xx.o
    0x080001d8   0x080001d8   0x00000000   Code   RO         3844  * .ARM.Collect$$$$00000000  mc_w.l(entry.o)
    0x080001d8   0x080001d8   0x00000004   Code   RO         3881    .ARM.Collect$$$$00000001  mc_w.l(entry2.o)
    0x080001dc   0x080001dc   0x00000004   Code   RO         3884    .ARM.Collect$$$$00000004  mc_w.l(entry5.o)
    0x080001e0   0x080001e0   0x00000000   Code   RO         3886    .ARM.Collect$$$$00000008  mc_w.l(entry7b.o)
    0x080001e0   0x080001e0   0x00000000   Code   RO         3888    .ARM.Collect$$$$0000000A  mc_w.l(entry8b.o)
    0x080001e0   0x080001e0   0x00000008   Code   RO         3889    .ARM.Collect$$$$0000000B  mc_w.l(entry9a.o)
    0x080001e8   0x080001e8   0x00000004   Code   RO         3896    .ARM.Collect$$$$0000000E  mc_w.l(entry12b.o)
    0x080001ec   0x080001ec   0x00000000   Code   RO         3891    .ARM.Collect$$$$0000000F  mc_w.l(entry10a.o)
    0x080001ec   0x080001ec   0x00000000   Code   RO         3893    .ARM.Collect$$$$00000011  mc_w.l(entry11a.o)
    0x080001ec   0x080001ec   0x00000004   Code   RO         3882    .ARM.Collect$$$$00002712  mc_w.l(entry2.o)
    0x080001f0   0x080001f0   0x00000024   Code   RO            4    .text               startup_stm32g473xx.o
    0x08000214   0x08000214   0x00000024   Code   RO         3847    .text               mc_w.l(memcpya.o)
    0x08000238   0x08000238   0x00000024   Code   RO         3849    .text               mc_w.l(memseta.o)
    0x0800025c   0x0800025c   0x0000002c   Code   RO         3900    .text               mc_w.l(uidiv.o)
    0x08000288   0x08000288   0x00000062   Code   RO         3902    .text               mc_w.l(uldiv.o)
    0x080002ea   0x080002ea   0x00000000   Code   RO         3904    .text               mc_w.l(iusefp.o)
    0x080002ea   0x080002ea   0x0000014e   Code   RO         3905    .text               mf_w.l(dadd.o)
    0x08000438   0x08000438   0x000000e4   Code   RO         3907    .text               mf_w.l(dmul.o)
    0x0800051c   0x0800051c   0x000000de   Code   RO         3909    .text               mf_w.l(ddiv.o)
    0x080005fa   0x080005fa   0x00000030   Code   RO         3911    .text               mf_w.l(dfixul.o)
    0x0800062a   0x0800062a   0x00000002   PAD
    0x0800062c   0x0800062c   0x00000030   Code   RO         3913    .text               mf_w.l(cdrcmple.o)
    0x0800065c   0x0800065c   0x00000024   Code   RO         3915    .text               mc_w.l(init.o)
    0x08000680   0x08000680   0x0000001e   Code   RO         3918    .text               mc_w.l(llshl.o)
    0x0800069e   0x0800069e   0x00000020   Code   RO         3920    .text               mc_w.l(llushr.o)
    0x080006be   0x080006be   0x00000024   Code   RO         3922    .text               mc_w.l(llsshr.o)
    0x080006e2   0x080006e2   0x000000ba   Code   RO         3925    .text               mf_w.l(depilogue.o)
    0x0800079c   0x0800079c   0x00000056   Code   RO         3935    .text               mc_w.l(__dczerorl2.o)
    0x080007f2   0x080007f2   0x00000002   Code   RO          834    i.BusFault_Handler  stm32g4xx_it.o
    0x080007f4   0x080007f4   0x00000008   Code   RO          782    i.CDC_Control_FS    usbd_cdc_if.o
    0x080007fc   0x080007fc   0x00000004   Code   RO          783    i.CDC_DeInit_FS     usbd_cdc_if.o
    0x08000800   0x08000800   0x00000024   Code   RO          784    i.CDC_Init_FS       usbd_cdc_if.o
    0x08000824   0x08000824   0x00000018   Code   RO          785    i.CDC_Receive_FS    usbd_cdc_if.o
    0x0800083c   0x0800083c   0x0000002c   Code   RO          786    i.CDC_Transmit_FS   usbd_cdc_if.o
    0x08000868   0x08000868   0x00000028   Code   RO          226    i.CheckSysTick      tool.o
    0x08000890   0x08000890   0x00000002   Code   RO          835    i.DebugMon_Handler  stm32g4xx_it.o
    0x08000892   0x08000892   0x00000002   Code   RO          379    i.Error_Handler     main.o
    0x08000894   0x08000894   0x00000002   Code   RO          836    i.FDCAN2_IT0_IRQHandler  stm32g4xx_it.o
    0x08000896   0x08000896   0x00000002   Code   RO          837    i.FDCAN3_IT0_IRQHandler  stm32g4xx_it.o
    0x08000898   0x08000898   0x00000054   Code   RO         2521    i.FLASH_FlushCaches  stm32g4xx_hal_flash_ex.o
    0x080008ec   0x080008ec   0x0000003c   Code   RO         2522    i.FLASH_MassErase   stm32g4xx_hal_flash_ex.o
    0x08000928   0x08000928   0x0000004c   Code   RO         2535    i.FLASH_PageErase   stm32g4xx_hal_flash_ex.o
    0x08000974   0x08000974   0x0000001c   Code   RO         2412    i.FLASH_Program_DoubleWord  stm32g4xx_hal_flash.o
    0x08000990   0x08000990   0x0000002c   Code   RO         2413    i.FLASH_Program_Fast  stm32g4xx_hal_flash.o
    0x080009bc   0x080009bc   0x00000068   Code   RO         2414    i.FLASH_WaitForLastOperation  stm32g4xx_hal_flash.o
    0x08000a24   0x08000a24   0x00000010   Code   RO           13    i.Flash_Boot_Init   inter_flash.o
    0x08000a34   0x08000a34   0x0000003c   Code   RO           14    i.GetBank           inter_flash.o
    0x08000a70   0x08000a70   0x00000030   Code   RO           15    i.GetPage           inter_flash.o
    0x08000aa0   0x08000aa0   0x0000000c   Code   RO          227    i.GetSysTick        tool.o
    0x08000aac   0x08000aac   0x00000038   Code   RO          694    i.Get_SerialNum     usbd_desc.o
    0x08000ae4   0x08000ae4   0x00000024   Code   RO         1940    i.HAL_Delay         stm32g4xx_hal.o
    0x08000b08   0x08000b08   0x00000104   Code   RO         2539    i.HAL_FLASHEx_Erase  stm32g4xx_hal_flash_ex.o
    0x08000c0c   0x08000c0c   0x0000001c   Code   RO         2418    i.HAL_FLASH_Lock    stm32g4xx_hal_flash.o
    0x08000c28   0x08000c28   0x00000080   Code   RO         2423    i.HAL_FLASH_Program  stm32g4xx_hal_flash.o
    0x08000ca8   0x08000ca8   0x00000028   Code   RO         2425    i.HAL_FLASH_Unlock  stm32g4xx_hal_flash.o
    0x08000cd0   0x08000cd0   0x00000118   Code   RO          981    i.HAL_GPIO_DeInit   stm32g4xx_hal_gpio.o
    0x08000de8   0x08000de8   0x000001a4   Code   RO          984    i.HAL_GPIO_Init     stm32g4xx_hal_gpio.o
    0x08000f8c   0x08000f8c   0x0000000c   Code   RO          988    i.HAL_GPIO_WritePin  stm32g4xx_hal_gpio.o
    0x08000f98   0x08000f98   0x0000000c   Code   RO         1944    i.HAL_GetTick       stm32g4xx_hal.o
    0x08000fa4   0x08000fa4   0x00000010   Code   RO         1947    i.HAL_IncTick       stm32g4xx_hal.o
    0x08000fb4   0x08000fb4   0x0000001e   Code   RO         1948    i.HAL_Init          stm32g4xx_hal.o
    0x08000fd2   0x08000fd2   0x00000002   PAD
    0x08000fd4   0x08000fd4   0x0000004c   Code   RO         1949    i.HAL_InitTick      stm32g4xx_hal.o
    0x08001020   0x08001020   0x00000038   Code   RO          930    i.HAL_MspInit       stm32g4xx_hal_msp.o
    0x08001058   0x08001058   0x00000022   Code   RO         3277    i.HAL_NVIC_DisableIRQ  stm32g4xx_hal_cortex.o
    0x0800107a   0x0800107a   0x0000001a   Code   RO         3278    i.HAL_NVIC_EnableIRQ  stm32g4xx_hal_cortex.o
    0x08001094   0x08001094   0x00000040   Code   RO         3284    i.HAL_NVIC_SetPriority  stm32g4xx_hal_cortex.o
    0x080010d4   0x080010d4   0x00000024   Code   RO         3285    i.HAL_NVIC_SetPriorityGrouping  stm32g4xx_hal_cortex.o
    0x080010f8   0x080010f8   0x00000024   Code   RO         1263    i.HAL_PCDEx_ActivateLPM  stm32g4xx_hal_pcd_ex.o
    0x0800111c   0x0800111c   0x00000048   Code   RO          477    i.HAL_PCDEx_LPM_Callback  usbd_conf.o
    0x08001164   0x08001164   0x00000034   Code   RO         1269    i.HAL_PCDEx_PMAConfig  stm32g4xx_hal_pcd_ex.o
    0x08001198   0x08001198   0x0000000e   Code   RO          479    i.HAL_PCD_DataInStageCallback  usbd_conf.o
    0x080011a6   0x080011a6   0x00000010   Code   RO          480    i.HAL_PCD_DataOutStageCallback  usbd_conf.o
    0x080011b6   0x080011b6   0x00000026   Code   RO         1052    i.HAL_PCD_DeInit    stm32g4xx_hal_pcd.o
    0x080011dc   0x080011dc   0x00000044   Code   RO         1056    i.HAL_PCD_EP_Close  stm32g4xx_hal_pcd.o
    0x08001220   0x08001220   0x00000054   Code   RO         1057    i.HAL_PCD_EP_ClrStall  stm32g4xx_hal_pcd.o
    0x08001274   0x08001274   0x0000000e   Code   RO         1059    i.HAL_PCD_EP_GetRxCount  stm32g4xx_hal_pcd.o
    0x08001282   0x08001282   0x00000058   Code   RO         1060    i.HAL_PCD_EP_Open   stm32g4xx_hal_pcd.o
    0x080012da   0x080012da   0x00000032   Code   RO         1061    i.HAL_PCD_EP_Receive  stm32g4xx_hal_pcd.o
    0x0800130c   0x0800130c   0x00000066   Code   RO         1062    i.HAL_PCD_EP_SetStall  stm32g4xx_hal_pcd.o
    0x08001372   0x08001372   0x00000032   Code   RO         1063    i.HAL_PCD_EP_Transmit  stm32g4xx_hal_pcd.o
    0x080013a4   0x080013a4   0x0000017c   Code   RO         1065    i.HAL_PCD_IRQHandler  stm32g4xx_hal_pcd.o
    0x08001520   0x08001520   0x000000a2   Code   RO         1068    i.HAL_PCD_Init      stm32g4xx_hal_pcd.o
    0x080015c2   0x080015c2   0x00000002   PAD
    0x080015c4   0x080015c4   0x00000034   Code   RO          484    i.HAL_PCD_MspDeInit  usbd_conf.o
    0x080015f8   0x080015f8   0x00000070   Code   RO          485    i.HAL_PCD_MspInit   usbd_conf.o
    0x08001668   0x08001668   0x00000026   Code   RO          486    i.HAL_PCD_ResetCallback  usbd_conf.o
    0x0800168e   0x0800168e   0x00000002   PAD
    0x08001690   0x08001690   0x00000028   Code   RO          487    i.HAL_PCD_ResumeCallback  usbd_conf.o
    0x080016b8   0x080016b8   0x00000008   Code   RO          488    i.HAL_PCD_SOFCallback  usbd_conf.o
    0x080016c0   0x080016c0   0x00000028   Code   RO         1074    i.HAL_PCD_SetAddress  stm32g4xx_hal_pcd.o
    0x080016e8   0x080016e8   0x0000000e   Code   RO          489    i.HAL_PCD_SetupStageCallback  usbd_conf.o
    0x080016f6   0x080016f6   0x0000002a   Code   RO         1076    i.HAL_PCD_Start     stm32g4xx_hal_pcd.o
    0x08001720   0x08001720   0x0000002a   Code   RO         1077    i.HAL_PCD_Stop      stm32g4xx_hal_pcd.o
    0x0800174a   0x0800174a   0x00000002   PAD
    0x0800174c   0x0800174c   0x00000024   Code   RO          490    i.HAL_PCD_SuspendCallback  usbd_conf.o
    0x08001770   0x08001770   0x000000cc   Code   RO         3034    i.HAL_PWREx_ControlVoltageScaling  stm32g4xx_hal_pwr_ex.o
    0x0800183c   0x0800183c   0x00000310   Code   RO         2298    i.HAL_RCCEx_PeriphCLKConfig  stm32g4xx_hal_rcc_ex.o
    0x08001b4c   0x08001b4c   0x000001c8   Code   RO         2168    i.HAL_RCC_ClockConfig  stm32g4xx_hal_rcc.o
    0x08001d14   0x08001d14   0x00000074   Code   RO         2178    i.HAL_RCC_GetSysClockFreq  stm32g4xx_hal_rcc.o
    0x08001d88   0x08001d88   0x00000458   Code   RO         2181    i.HAL_RCC_OscConfig  stm32g4xx_hal_rcc.o
    0x080021e0   0x080021e0   0x00000028   Code   RO         3289    i.HAL_SYSTICK_Config  stm32g4xx_hal_cortex.o
    0x08002208   0x08002208   0x00000024   Code   RO          838    i.HardFault_Handler  stm32g4xx_it.o
    0x0800222c   0x0800222c   0x0000003a   Code   RO          695    i.IntToUnicode      usbd_desc.o
    0x08002266   0x08002266   0x00000002   PAD
    0x08002268   0x08002268   0x00000090   Code   RO          380    i.LED_Status        main.o
    0x080022f8   0x080022f8   0x00000074   Code   RO          381    i.MX_GPIO_Init      main.o
    0x0800236c   0x0800236c   0x0000000c   Code   RO          440    i.MX_USB_Device_DeInit  usb_device.o
    0x08002378   0x08002378   0x00000054   Code   RO          441    i.MX_USB_Device_Init  usb_device.o
    0x080023cc   0x080023cc   0x00000002   Code   RO          839    i.MemManage_Handler  stm32g4xx_it.o
    0x080023ce   0x080023ce   0x00000028   Code   RO          228    i.MyPrintf          tool.o
    0x080023f6   0x080023f6   0x00000002   Code   RO          840    i.NMI_Handler       stm32g4xx_it.o
    0x080023f8   0x080023f8   0x000002b4   Code   RO         1079    i.PCD_EP_ISR_Handler  stm32g4xx_hal_pcd.o
    0x080026ac   0x080026ac   0x00000002   Code   RO          841    i.PendSV_Handler    stm32g4xx_it.o
    0x080026ae   0x080026ae   0x00000002   PAD
    0x080026b0   0x080026b0   0x00000138   Code   RO          275    i.Pro_Parse         usb_data.o
    0x080027e8   0x080027e8   0x00000050   Code   RO         2182    i.RCC_GetSysClockFreqFromPLLSource  stm32g4xx_hal_rcc.o
    0x08002838   0x08002838   0x00000034   Code   RO           16    i.Read_Update_Para  inter_flash.o
    0x0800286c   0x0800286c   0x00000002   Code   RO          842    i.SVC_Handler       stm32g4xx_it.o
    0x0800286e   0x0800286e   0x00000004   Code   RO          843    i.SysTick_Handler   stm32g4xx_it.o
    0x08002872   0x08002872   0x00000004   Code   RO          491    i.SystemClockConfig_Resume  usbd_conf.o
    0x08002876   0x08002876   0x00000092   Code   RO          382    i.SystemClock_Config  main.o
    0x08002908   0x08002908   0x0000001c   Code   RO         3409    i.SystemInit        system_stm32g4xx.o
    0x08002924   0x08002924   0x00000030   Code   RO          696    i.USBD_CDC_ConfigStrDescriptor  usbd_desc.o
    0x08002954   0x08002954   0x00000016   Code   RO         3739    i.USBD_CDC_DataIn   usbd_cdc.o
    0x0800296a   0x0800296a   0x0000003e   Code   RO         3740    i.USBD_CDC_DataOut  usbd_cdc.o
    0x080029a8   0x080029a8   0x00000044   Code   RO         3741    i.USBD_CDC_DeInit   usbd_cdc.o
    0x080029ec   0x080029ec   0x0000000c   Code   RO          697    i.USBD_CDC_DeviceDescriptor  usbd_desc.o
    0x080029f8   0x080029f8   0x0000002a   Code   RO         3742    i.USBD_CDC_EP0_RxReady  usbd_cdc.o
    0x08002a22   0x08002a22   0x00000002   PAD
    0x08002a24   0x08002a24   0x0000000c   Code   RO         3743    i.USBD_CDC_GetDeviceQualifierDescriptor  usbd_cdc.o
    0x08002a30   0x08002a30   0x0000000c   Code   RO         3744    i.USBD_CDC_GetFSCfgDesc  usbd_cdc.o
    0x08002a3c   0x08002a3c   0x0000000c   Code   RO         3745    i.USBD_CDC_GetHSCfgDesc  usbd_cdc.o
    0x08002a48   0x08002a48   0x0000000c   Code   RO         3746    i.USBD_CDC_GetOtherSpeedCfgDesc  usbd_cdc.o
    0x08002a54   0x08002a54   0x00000072   Code   RO         3747    i.USBD_CDC_Init     usbd_cdc.o
    0x08002ac6   0x08002ac6   0x00000002   PAD
    0x08002ac8   0x08002ac8   0x00000034   Code   RO          698    i.USBD_CDC_InterfaceStrDescriptor  usbd_desc.o
    0x08002afc   0x08002afc   0x0000000c   Code   RO          699    i.USBD_CDC_LangIDStrDescriptor  usbd_desc.o
    0x08002b08   0x08002b08   0x00000028   Code   RO          700    i.USBD_CDC_ManufacturerStrDescriptor  usbd_desc.o
    0x08002b30   0x08002b30   0x0000003c   Code   RO          701    i.USBD_CDC_ProductStrDescriptor  usbd_desc.o
    0x08002b6c   0x08002b6c   0x00000032   Code   RO         3748    i.USBD_CDC_ReceivePacket  usbd_cdc.o
    0x08002b9e   0x08002b9e   0x00000010   Code   RO         3749    i.USBD_CDC_RegisterInterface  usbd_cdc.o
    0x08002bae   0x08002bae   0x00000002   PAD
    0x08002bb0   0x08002bb0   0x00000014   Code   RO          702    i.USBD_CDC_SerialStrDescriptor  usbd_desc.o
    0x08002bc4   0x08002bc4   0x0000000c   Code   RO         3750    i.USBD_CDC_SetRxBuffer  usbd_cdc.o
    0x08002bd0   0x08002bd0   0x00000010   Code   RO         3751    i.USBD_CDC_SetTxBuffer  usbd_cdc.o
    0x08002be0   0x08002be0   0x000000e4   Code   RO         3752    i.USBD_CDC_Setup    usbd_cdc.o
    0x08002cc4   0x08002cc4   0x00000034   Code   RO         3753    i.USBD_CDC_TransmitPacket  usbd_cdc.o
    0x08002cf8   0x08002cf8   0x0000000e   Code   RO         3446    i.USBD_ClrClassConfig  usbd_core.o
    0x08002d06   0x08002d06   0x00000026   Code   RO         3584    i.USBD_ClrFeature   usbd_ctlreq.o
    0x08002d2c   0x08002d2c   0x00000010   Code   RO         3679    i.USBD_CtlContinueRx  usbd_ioreq.o
    0x08002d3c   0x08002d3c   0x00000010   Code   RO         3680    i.USBD_CtlContinueSendData  usbd_ioreq.o
    0x08002d4c   0x08002d4c   0x00000018   Code   RO         3585    i.USBD_CtlError     usbd_ctlreq.o
    0x08002d64   0x08002d64   0x0000001e   Code   RO         3681    i.USBD_CtlPrepareRx  usbd_ioreq.o
    0x08002d82   0x08002d82   0x00000016   Code   RO         3682    i.USBD_CtlReceiveStatus  usbd_ioreq.o
    0x08002d98   0x08002d98   0x0000001a   Code   RO         3683    i.USBD_CtlSendData  usbd_ioreq.o
    0x08002db2   0x08002db2   0x00000016   Code   RO         3684    i.USBD_CtlSendStatus  usbd_ioreq.o
    0x08002dc8   0x08002dc8   0x00000026   Code   RO         3447    i.USBD_DeInit       usbd_core.o
    0x08002dee   0x08002dee   0x0000003a   Code   RO         3586    i.USBD_GetConfig    usbd_ctlreq.o
    0x08002e28   0x08002e28   0x000001d6   Code   RO         3587    i.USBD_GetDescriptor  usbd_ctlreq.o
    0x08002ffe   0x08002ffe   0x00000014   Code   RO         3588    i.USBD_GetLen       usbd_ctlreq.o
    0x08003012   0x08003012   0x0000003c   Code   RO         3589    i.USBD_GetStatus    usbd_ctlreq.o
    0x0800304e   0x0800304e   0x0000003e   Code   RO         3590    i.USBD_GetString    usbd_ctlreq.o
    0x0800308c   0x0800308c   0x00000024   Code   RO          492    i.USBD_Get_USB_Status  usbd_conf.o
    0x080030b0   0x080030b0   0x0000002c   Code   RO         3448    i.USBD_Init         usbd_core.o
    0x080030dc   0x080030dc   0x00000012   Code   RO          493    i.USBD_LL_ClearStallEP  usbd_conf.o
    0x080030ee   0x080030ee   0x00000012   Code   RO          494    i.USBD_LL_CloseEP   usbd_conf.o
    0x08003100   0x08003100   0x000000d6   Code   RO         3449    i.USBD_LL_DataInStage  usbd_core.o
    0x080031d6   0x080031d6   0x00000086   Code   RO         3450    i.USBD_LL_DataOutStage  usbd_core.o
    0x0800325c   0x0800325c   0x00000012   Code   RO          495    i.USBD_LL_DeInit    usbd_conf.o
    0x0800326e   0x0800326e   0x00000008   Code   RO          498    i.USBD_LL_GetRxDataSize  usbd_conf.o
    0x08003276   0x08003276   0x00000002   PAD
    0x08003278   0x08003278   0x00000080   Code   RO          499    i.USBD_LL_Init      usbd_conf.o
    0x080032f8   0x080032f8   0x0000001c   Code   RO          500    i.USBD_LL_IsStallEP  usbd_conf.o
    0x08003314   0x08003314   0x00000018   Code   RO          501    i.USBD_LL_OpenEP    usbd_conf.o
    0x0800332c   0x0800332c   0x00000012   Code   RO          502    i.USBD_LL_PrepareReceive  usbd_conf.o
    0x0800333e   0x0800333e   0x00000052   Code   RO         3455    i.USBD_LL_Reset     usbd_core.o
    0x08003390   0x08003390   0x00000014   Code   RO         3456    i.USBD_LL_Resume    usbd_core.o
    0x080033a4   0x080033a4   0x00000018   Code   RO         3457    i.USBD_LL_SOF       usbd_core.o
    0x080033bc   0x080033bc   0x00000006   Code   RO         3458    i.USBD_LL_SetSpeed  usbd_core.o
    0x080033c2   0x080033c2   0x00000012   Code   RO          503    i.USBD_LL_SetUSBAddress  usbd_conf.o
    0x080033d4   0x080033d4   0x0000005a   Code   RO         3459    i.USBD_LL_SetupStage  usbd_core.o
    0x0800342e   0x0800342e   0x00000012   Code   RO          504    i.USBD_LL_StallEP   usbd_conf.o
    0x08003440   0x08003440   0x00000012   Code   RO          505    i.USBD_LL_Start     usbd_conf.o
    0x08003452   0x08003452   0x00000012   Code   RO          506    i.USBD_LL_Stop      usbd_conf.o
    0x08003464   0x08003464   0x00000010   Code   RO         3460    i.USBD_LL_Suspend   usbd_core.o
    0x08003474   0x08003474   0x00000012   Code   RO          507    i.USBD_LL_Transmit  usbd_conf.o
    0x08003486   0x08003486   0x00000028   Code   RO         3591    i.USBD_ParseSetupRequest  usbd_ctlreq.o
    0x080034ae   0x080034ae   0x00000012   Code   RO         3461    i.USBD_RegisterClass  usbd_core.o
    0x080034c0   0x080034c0   0x00000004   Code   RO         3462    i.USBD_RunTestMode  usbd_core.o
    0x080034c4   0x080034c4   0x00000058   Code   RO         3592    i.USBD_SetAddress   usbd_ctlreq.o
    0x0800351c   0x0800351c   0x00000018   Code   RO         3463    i.USBD_SetClassConfig  usbd_core.o
    0x08003534   0x08003534   0x000000cc   Code   RO         3593    i.USBD_SetConfig    usbd_ctlreq.o
    0x08003600   0x08003600   0x00000010   Code   RO         3594    i.USBD_SetFeature   usbd_ctlreq.o
    0x08003610   0x08003610   0x0000000a   Code   RO         3464    i.USBD_Start        usbd_core.o
    0x0800361a   0x0800361a   0x0000006a   Code   RO         3595    i.USBD_StdDevReq    usbd_ctlreq.o
    0x08003684   0x08003684   0x000001e4   Code   RO         3596    i.USBD_StdEPReq     usbd_ctlreq.o
    0x08003868   0x08003868   0x0000006a   Code   RO         3597    i.USBD_StdItfReq    usbd_ctlreq.o
    0x080038d2   0x080038d2   0x00000002   Code   RO          508    i.USBD_static_free  usbd_conf.o
    0x080038d4   0x080038d4   0x00000008   Code   RO          509    i.USBD_static_malloc  usbd_conf.o
    0x080038dc   0x080038dc   0x000002be   Code   RO         1328    i.USB_ActivateEndpoint  stm32g4xx_ll_usb.o
    0x08003b9a   0x08003b9a   0x00000002   PAD
    0x08003b9c   0x08003b9c   0x000000fc   Code   RO          276    i.USB_Data_Out      usb_data.o
    0x08003c98   0x08003c98   0x00000138   Code   RO         1333    i.USB_DeactivateEndpoint  stm32g4xx_ll_usb.o
    0x08003dd0   0x08003dd0   0x0000000e   Code   RO         1334    i.USB_DevConnect    stm32g4xx_ll_usb.o
    0x08003dde   0x08003dde   0x0000001a   Code   RO         1336    i.USB_DevInit       stm32g4xx_ll_usb.o
    0x08003df8   0x08003df8   0x00000010   Code   RO         1337    i.USB_DisableGlobalInt  stm32g4xx_ll_usb.o
    0x08003e08   0x08003e08   0x00000004   Code   RO         1338    i.USB_EP0_OutStart  stm32g4xx_ll_usb.o
    0x08003e0c   0x08003e0c   0x00000084   Code   RO         1339    i.USB_EPClearStall  stm32g4xx_ll_usb.o
    0x08003e90   0x08003e90   0x0000003c   Code   RO         1340    i.USB_EPSetStall    stm32g4xx_ll_usb.o
    0x08003ecc   0x08003ecc   0x00000202   Code   RO         1341    i.USB_EPStartXfer   stm32g4xx_ll_usb.o
    0x080040ce   0x080040ce   0x00000010   Code   RO         1342    i.USB_EnableGlobalInt  stm32g4xx_ll_usb.o
    0x080040de   0x080040de   0x00000002   PAD
    0x080040e0   0x080040e0   0x0000000c   Code   RO          844    i.USB_LP_IRQHandler  stm32g4xx_it.o
    0x080040ec   0x080040ec   0x00000006   Code   RO         1349    i.USB_ReadInterrupts  stm32g4xx_ll_usb.o
    0x080040f2   0x080040f2   0x0000002a   Code   RO         1350    i.USB_ReadPMA       stm32g4xx_ll_usb.o
    0x0800411c   0x0800411c   0x0000000e   Code   RO         1353    i.USB_SetDevAddress  stm32g4xx_ll_usb.o
    0x0800412a   0x0800412a   0x00000012   Code   RO         1355    i.USB_StopDevice    stm32g4xx_ll_usb.o
    0x0800413c   0x0800413c   0x00000026   Code   RO         1356    i.USB_WritePMA      stm32g4xx_ll_usb.o
    0x08004162   0x08004162   0x00000002   PAD
    0x08004164   0x08004164   0x0000034c   Code   RO           17    i.Update_Task_Deal  inter_flash.o
    0x080044b0   0x080044b0   0x00000002   Code   RO          845    i.UsageFault_Handler  stm32g4xx_it.o
    0x080044b2   0x080044b2   0x00000002   PAD
    0x080044b4   0x080044b4   0x00000034   Code   RO          277    i.Usb_Buf_In        usb_data.o
    0x080044e8   0x080044e8   0x0000004c   Code   RO          279    i.Usb_Pro_Pack      usb_data.o
    0x08004534   0x08004534   0x00000058   Code   RO          280    i.Usb_Pro_PackT     usb_data.o
    0x0800458c   0x0800458c   0x000000cc   Code   RO          281    i.Usb_Send_Data     usb_data.o
    0x08004658   0x08004658   0x00000024   Code   RO         3860    i.__0vsprintf       mc_w.l(printfa.o)
    0x0800467c   0x0800467c   0x00000020   Code   RO         3291    i.__NVIC_SetPriority  stm32g4xx_hal_cortex.o
    0x0800469c   0x0800469c   0x0000000e   Code   RO         3929    i.__scatterload_copy  mc_w.l(handlers.o)
    0x080046aa   0x080046aa   0x00000002   Code   RO         3930    i.__scatterload_null  mc_w.l(handlers.o)
    0x080046ac   0x080046ac   0x0000000e   Code   RO         3931    i.__scatterload_zeroinit  mc_w.l(handlers.o)
    0x080046ba   0x080046ba   0x00000002   PAD
    0x080046bc   0x080046bc   0x00000184   Code   RO         3861    i._fp_digits        mc_w.l(printfa.o)
    0x08004840   0x08004840   0x000006b4   Code   RO         3862    i._printf_core      mc_w.l(printfa.o)
    0x08004ef4   0x08004ef4   0x00000024   Code   RO         3863    i._printf_post_padding  mc_w.l(printfa.o)
    0x08004f18   0x08004f18   0x0000002e   Code   RO         3864    i._printf_pre_padding  mc_w.l(printfa.o)
    0x08004f46   0x08004f46   0x0000000a   Code   RO         3866    i._sputc            mc_w.l(printfa.o)
    0x08004f50   0x08004f50   0x000000dc   Code   RO           21    i.cpuflash_erase    inter_flash.o
    0x0800502c   0x0800502c   0x0000001a   Code   RO           22    i.cpuflash_read     inter_flash.o
    0x08005046   0x08005046   0x00000002   PAD
    0x08005048   0x08005048   0x000000dc   Code   RO           23    i.cpuflash_write    inter_flash.o
    0x08005124   0x08005124   0x00000014   Code   RO          383    i.loaddAPP          main.o
    0x08005138   0x08005138   0x00000130   Code   RO          384    i.main              main.o
    0x08005268   0x08005268   0x00000010   Data   RO         3410    .constdata          system_stm32g4xx.o
    0x08005278   0x08005278   0x00000020   Data   RO         3927    Region$$Table       anon$$obj.o


    Execution Region RW_IRAM1 (Exec base: 0x20000000, Load base: 0x08005298, Size: 0x000030b8, Max: 0x00020000, ABSOLUTE, COMPRESSED[0x000000c0])

    Exec Addr    Load Addr    Size         Type   Attr      Idx    E Section Name        Object

    0x20000000   COMPRESSED   0x00000010   Data   RW           27    .data               inter_flash.o
    0x20000010   COMPRESSED   0x00000002   Data   RW          283    .data               usb_data.o
    0x20000012   COMPRESSED   0x00000002   PAD
    0x20000014   COMPRESSED   0x00000008   Data   RW          385    .data               main.o
    0x2000001c   COMPRESSED   0x00000020   Data   RW          704    .data               usbd_desc.o
    0x2000003c   COMPRESSED   0x00000032   Data   RW          705    .data               usbd_desc.o
    0x2000006e   COMPRESSED   0x00000002   PAD
    0x20000070   COMPRESSED   0x00000010   Data   RW          788    .data               usbd_cdc_if.o
    0x20000080   COMPRESSED   0x0000000c   Data   RW         1968    .data               stm32g4xx_hal.o
    0x2000008c   COMPRESSED   0x00000020   Data   RW         2426    .data               stm32g4xx_hal_flash.o
    0x200000ac   COMPRESSED   0x00000004   Data   RW         3412    .data               system_stm32g4xx.o
    0x200000b0   COMPRESSED   0x00000001   Data   RW         3598    .data               usbd_ctlreq.o
    0x200000b1   COMPRESSED   0x00000003   PAD
    0x200000b4   COMPRESSED   0x000000d7   Data   RW         3755    .data               usbd_cdc.o
    0x2000018b   COMPRESSED   0x00000001   PAD
    0x2000018c   COMPRESSED   0x00000038   Data   RW         3756    .data               usbd_cdc.o
    0x200001c4        -       0x00000512   Zero   RW           24    .bss                inter_flash.o
    0x200006d6        -       0x000006ba   Zero   RW          282    .bss                usb_data.o
    0x20000d90        -       0x000002c4   Zero   RW          442    .bss                usb_device.o
    0x20001054        -       0x00000494   Zero   RW          510    .bss                usbd_conf.o
    0x200014e8        -       0x00000200   Zero   RW          703    .bss                usbd_desc.o
    0x200016e8        -       0x000007d0   Zero   RW          787    .bss                usbd_cdc_if.o
    0x20001eb8        -       0x00001200   Zero   RW            1    STACK               startup_stm32g473xx.o


==============================================================================

Image component sizes


      Code (inc. data)   RO Data    RW Data    ZI Data      Debug   Object Name

      1486        458          0         16       1298     691150   inter_flash.o
       732        168          0          8          0      39463   main.o
        36          8        472          0       4608        848   startup_stm32g473xx.o
       170         22          0         12          0       4401   stm32g4xx_hal.o
       232         14          0          0          0      34821   stm32g4xx_hal_cortex.o
       372         48          0         32          0      23630   stm32g4xx_hal_flash.o
       480         28          0          0          0       3370   stm32g4xx_hal_flash_ex.o
       712         62          0          0          0       3410   stm32g4xx_hal_gpio.o
        56          8          0          0          0       8530   stm32g4xx_hal_msp.o
      1852          0          0          0          0      12605   stm32g4xx_hal_pcd.o
        88          0          0          0          0       1878   stm32g4xx_hal_pcd_ex.o
       204         14          0          0          0        914   stm32g4xx_hal_pwr_ex.o
      1764         70          0          0          0       6188   stm32g4xx_hal_rcc.o
       784          8          0          0          0       2076   stm32g4xx_hal_rcc_ex.o
        70         12          0          0          0       5638   stm32g4xx_it.o
      1914          0          0          0          0      16224   stm32g4xx_ll_usb.o
        28          6         16          4          0       1223   system_stm32g4xx.o
        92          0          0          0          0       2843   tool.o
       984        156          0          2       1722      12038   usb_data.o
        96         24          0          0        708       1267   usb_device.o
       730         16          0        271          0      13793   usbd_cdc.o
       116         20          0         16       2000       3500   usbd_cdc_if.o
       802         46          0          0       1172      17143   usbd_conf.o
       738          0          0          0          0      11225   usbd_core.o
      1776         22          0          1          0      11860   usbd_ctlreq.o
       358        112          0         82        512       6746   usbd_desc.o
       132          0          0          0          0       4596   usbd_ioreq.o

    ----------------------------------------------------------------------
     16834       1322        520        452      12020     941380   Object Totals
         0          0         32          0          0          0   (incl. Generated)
        30          0          0          8          0          0   (incl. Padding)

    ----------------------------------------------------------------------

      Code (inc. data)   RO Data    RW Data    ZI Data      Debug   Library Member Name

        86          0          0          0          0          0   __dczerorl2.o
         0          0          0          0          0          0   entry.o
         0          0          0          0          0          0   entry10a.o
         0          0          0          0          0          0   entry11a.o
         4          0          0          0          0          0   entry12b.o
         8          4          0          0          0          0   entry2.o
         4          0          0          0          0          0   entry5.o
         0          0          0          0          0          0   entry7b.o
         0          0          0          0          0          0   entry8b.o
         8          4          0          0          0          0   entry9a.o
        30          0          0          0          0          0   handlers.o
        36          8          0          0          0         68   init.o
         0          0          0          0          0          0   iusefp.o
        30          0          0          0          0         68   llshl.o
        36          0          0          0          0         68   llsshr.o
        32          0          0          0          0         68   llushr.o
        36          0          0          0          0         68   memcpya.o
        36          0          0          0          0        108   memseta.o
      2232         86          0          0          0        528   printfa.o
        44          0          0          0          0         80   uidiv.o
        98          0          0          0          0         92   uldiv.o
        48          0          0          0          0         68   cdrcmple.o
       334          0          0          0          0        148   dadd.o
       222          0          0          0          0        100   ddiv.o
       186          0          0          0          0        176   depilogue.o
        48          0          0          0          0         68   dfixul.o
       228          0          0          0          0         96   dmul.o

    ----------------------------------------------------------------------
      3790        102          0          0          0       1804   Library Totals
         4          0          0          0          0          0   (incl. Padding)

    ----------------------------------------------------------------------

      Code (inc. data)   RO Data    RW Data    ZI Data      Debug   Library Name

      2720        102          0          0          0       1148   mc_w.l
      1066          0          0          0          0        656   mf_w.l

    ----------------------------------------------------------------------
      3790        102          0          0          0       1804   Library Totals

    ----------------------------------------------------------------------

==============================================================================


      Code (inc. data)   RO Data    RW Data    ZI Data      Debug   

     20624       1424        520        452      12020     924132   Grand Totals
     20624       1424        520        192      12020     924132   ELF Image Totals (compressed)
     20624       1424        520        192          0          0   ROM Totals

==============================================================================

    Total RO  Size (Code + RO Data)                21144 (  20.65kB)
    Total RW  Size (RW Data + ZI Data)             12472 (  12.18kB)
    Total ROM Size (Code + RO Data + RW Data)      21336 (  20.84kB)

==============================================================================

