<html>
<body>
<pre>
<h1>µVision Build Log</h1>
<h2>Tool Versions:</h2>
IDE-Version: ¦ÌVision V5.35.0.0
Copyright (C) 2021 ARM Ltd and ARM Germany GmbH. All rights reserved.
License Information: sunshine Windows, HP Inc., LIC=HN0AE-5AN6R-WFCI7-EZ1W8-YCSLU-2JJ4T
 
Tool Versions:
Toolchain:       MDK-ARM Plus  Version: 5.35.0.2
Toolchain Path:  D:\Keil_v5\ARM\ARMCC\Bin
C Compiler:      Armcc.exe V5.06 update 7 (build 960)
Assembler:       Armasm.exe V5.06 update 7 (build 960)
Linker/Locator:  ArmLink.exe V5.06 update 7 (build 960)
Library Manager: ArmAr.exe V5.06 update 7 (build 960)
Hex Converter:   FromElf.exe V5.06 update 7 (build 960)
CPU DLL:         SARMCM3.DLL V5.35.0.2
Dialog DLL:      DCM.DLL V1.17.3.0
Target DLL:      Segger\JL2CM3.dll V2.99.40.0
Dialog DLL:      TCM.DLL V1.53.0.0
 
<h2>Project:</h2>
D:\lilei\USB-CANTOOL\code-device\USB-CANFD-BOOT\MDK-ARM\USB-CANFD.uvprojx
Project File Date:  09/23/2021

<h2>Output:</h2>
*** Using Compiler 'V5.06 update 7 (build 960)', folder: 'D:\Keil_v5\ARM\ARMCC\Bin'
Build target 'USB-CANFD'
assembling startup_stm32g473xx.s...
compiling tool.c...
compiling inter_flash.c...
..\Src\inter_flash.c(49): warning:  #223-D: function "memcpy" declared implicitly
  	memcpy(pData, (int8_t *)unStartAddr, usSize);
..\Src\inter_flash.c(268): warning:  #223-D: function "memset" declared implicitly
  	memset(&UpdateCtrlPara,0x00,sizeof(UpdateCtrlPara));
..\Src\inter_flash.c(285): warning:  #223-D: function "memset" declared implicitly
  	 memset((int8_t *)&UpdateCtrlPara,0x00,sizeof(_UpdateCtrlPara));
..\Src\inter_flash.c(385): warning:  #223-D: function "memset" declared implicitly
  												memset(UpdateCtrlPara.Buf,0x00,sizeof(UpdateCtrlPara.Buf));
..\Src\inter_flash.c(402): warning:  #223-D: function "memset" declared implicitly
  												memset(UpdateCtrlPara.Buf,0x00,sizeof(UpdateCtrlPara.Buf));
..\Src\inter_flash.c: 5 warnings, 0 errors
compiling usb_data.c...
compiling main.c...
compiling usb_device.c...
compiling usbd_conf.c...
compiling stm32g4xx_it.c...
compiling usbd_desc.c...
compiling usbd_cdc_if.c...
compiling stm32g4xx_hal_pcd.c...
compiling stm32g4xx_hal_gpio.c...
compiling stm32g4xx_hal_msp.c...
compiling stm32g4xx_hal_pcd_ex.c...
compiling stm32g4xx_hal_tim.c...
compiling stm32g4xx_ll_pwr.c...
compiling stm32g4xx_ll_usb.c...
compiling stm32g4xx_hal_tim_ex.c...
compiling stm32g4xx_hal_usart_ex.c...
compiling stm32g4xx_hal_usart.c...
compiling stm32g4xx_hal.c...
compiling stm32g4xx_hal_rcc.c...
compiling stm32g4xx_hal_rcc_ex.c...
compiling stm32g4xx_hal_flash_ramfunc.c...
compiling stm32g4xx_hal_flash.c...
compiling stm32g4xx_hal_flash_ex.c...
compiling stm32g4xx_hal_exti.c...
compiling stm32g4xx_hal_dma_ex.c...
compiling stm32g4xx_hal_dma.c...
compiling stm32g4xx_hal_cortex.c...
compiling stm32g4xx_hal_pwr.c...
compiling stm32g4xx_hal_pwr_ex.c...
compiling system_stm32g4xx.c...
compiling usbd_core.c...
compiling usbd_ctlreq.c...
compiling usbd_ioreq.c...
compiling usbd_cdc.c...
linking...
Program Size: Code=20624 RO-data=520 RW-data=452 ZI-data=12020  
FromELF: creating hex file...
After Build - User command #1: fromelf --bin -o "./USB-CANFD/USBCANFD-V1.0.0.bin" "./USB-CANFD/USB-CANFD.axf"
"USB-CANFD\USB-CANFD.axf" - 0 Error(s), 5 Warning(s).

<h2>Software Packages used:</h2>

Package Vendor: ARM
                http://www.keil.com/pack/ARM.CMSIS.5.8.0.pack
                ARM.CMSIS.5.8.0
                CMSIS (Common Microcontroller Software Interface Standard)
   * Component: CORE Version: 5.5.0

Package Vendor: Keil
                http://www.keil.com/pack/Keil.STM32G4xx_DFP.1.3.0.pack
                Keil.STM32G4xx_DFP.1.3.0
                STMicroelectronics STM32G4 Series Device Support, Drivers and Examples

<h2>Collection of Component include folders:</h2>
  .\RTE\_USB-CANFD
  D:\Users\HP\AppData\Local\Arm\Packs\ARM\CMSIS\5.8.0\CMSIS\Core\Include
  D:\Users\HP\AppData\Local\Arm\Packs\Keil\STM32G4xx_DFP\1.3.0\Drivers\CMSIS\Device\ST\STM32G4xx\Include

<h2>Collection of Component Files used:</h2>

   * Component: ARM::CMSIS:CORE:5.5.0
Build Time Elapsed:  00:00:54
</pre>
</body>
</html>
